ARM Linker, 5.03 [Build 76] [MDK-ARM Lite]

==============================================================================

Section Cross References

    sam7.o(STACK) refers (Special) to heapauxi.o(.text) for __use_two_region_memory
    sam7.o(HEAP) refers (Special) to heapauxi.o(.text) for __use_two_region_memory
    sam7.o(RESET) refers (Special) to heapauxi.o(.text) for __use_two_region_memory
    sam7.o(RESET) refers to sam7.o(STACK) for Stack_Top
    sam7.o(RESET) refers to __main.o(!!!main) for __main
    sam7.o(.text) refers (Special) to heapauxi.o(.text) for __use_two_region_memory
    sam7.o(.text) refers to sam7.o(HEAP) for Heap_Mem
    sam7.o(.text) refers to sam7.o(STACK) for Stack_Mem
    input_integer.o(.text) refers to usart0_solution.o(COMPORT) for USART0_Receive
    input_integer.o(.text) refers to atoi.o(.text) for atoi
    retarget_solution.o(.text) refers (Special) to use_no_semi.o(.text) for __use_no_semihosting_swi
    retarget_solution.o(.text) refers to usart0_solution.o(COMPORT) for USART0_Transmit
    retarget_solution.o(.data) refers (Special) to use_no_semi.o(.text) for __use_no_semihosting_swi
    tc_ultrasonic_example.o(.text) refers to _printf_percent.o(.ARM.Collect$$_printf_percent$$00000000) for _printf_percent
    tc_ultrasonic_example.o(.text) refers to _printf_f.o(.ARM.Collect$$_printf_percent$$00000003) for _printf_f
    tc_ultrasonic_example.o(.text) refers to printf1.o(x$fpl$printf1) for _printf_fp_dec
    tc_ultrasonic_example.o(.text) refers to assembly_exp1_solution.o(EXAMPLE) for USER_LEDS_INIT
    tc_ultrasonic_example.o(.text) refers to usart0_solution.o(COMPORT) for USART0_INIT
    tc_ultrasonic_example.o(.text) refers to tc_assembly.o(EXAMPLE) for TC0_INIT
    tc_ultrasonic_example.o(.text) refers to dflt_noclz.o(x$fpl$dfltu) for __aeabi_ui2d
    tc_ultrasonic_example.o(.text) refers to dmul.o(x$fpl$dmul) for __aeabi_dmul
    tc_ultrasonic_example.o(.text) refers to ddiv.o(x$fpl$ddiv) for __aeabi_ddiv
    tc_ultrasonic_example.o(.text) refers to d2f.o(x$fpl$d2f) for __aeabi_d2f
    tc_ultrasonic_example.o(.text) refers to f2d.o(x$fpl$f2d) for __aeabi_f2d
    tc_ultrasonic_example.o(.text) refers to noretval__2printf.o(.text) for __2printf
    assembly_exp1_solution.o(EXAMPLE) refers to assembly_exp1_solution.o(VARIABLES) for INC_VALUE
    __2printf.o(.text) refers to _printf_char_file.o(.text) for _printf_char_file
    __2printf.o(.text) refers to retarget_solution.o(.data) for __stdout
    noretval__2printf.o(.text) refers to _printf_char_file.o(.text) for _printf_char_file
    noretval__2printf.o(.text) refers to retarget_solution.o(.data) for __stdout
    __printf.o(.text) refers to __printf.o(i.__ARM_common_call_via_r1) for __ARM_common_call_via_r1
    __printf.o(.text) refers to _printf_percent.o(.ARM.Collect$$_printf_percent$$00000000) for _printf_percent
    __printf.o(.text) refers to __printf.o(i.__ARM_common_call_via_r2) for __ARM_common_call_via_r2
    __printf_flags.o(.text) refers to __printf.o(i.__ARM_common_call_via_r1) for __ARM_common_call_via_r1
    __printf_flags.o(.text) refers to _printf_percent.o(.ARM.Collect$$_printf_percent$$00000000) for _printf_percent
    __printf_flags.o(.text) refers to __printf.o(i.__ARM_common_call_via_r2) for __ARM_common_call_via_r2
    __printf_flags.o(.text) refers to __printf_flags.o(.constdata) for .constdata
    __printf_ss.o(.text) refers to __printf.o(i.__ARM_common_call_via_r1) for __ARM_common_call_via_r1
    __printf_ss.o(.text) refers to _printf_percent.o(.ARM.Collect$$_printf_percent$$00000000) for _printf_percent
    __printf_ss.o(.text) refers to __printf.o(i.__ARM_common_call_via_r2) for __ARM_common_call_via_r2
    __printf_flags_ss.o(.text) refers to __printf.o(i.__ARM_common_call_via_r1) for __ARM_common_call_via_r1
    __printf_flags_ss.o(.text) refers to _printf_percent.o(.ARM.Collect$$_printf_percent$$00000000) for _printf_percent
    __printf_flags_ss.o(.text) refers to __printf.o(i.__ARM_common_call_via_r2) for __ARM_common_call_via_r2
    __printf_flags_ss.o(.text) refers to __printf_flags_ss.o(.constdata) for .constdata
    __printf_wp.o(.text) refers to __printf.o(i.__ARM_common_call_via_r1) for __ARM_common_call_via_r1
    __printf_wp.o(.text) refers to __printf_wp.o(i._is_digit) for _is_digit
    __printf_wp.o(.text) refers to _printf_percent.o(.ARM.Collect$$_printf_percent$$00000000) for _printf_percent
    __printf_wp.o(.text) refers to __printf.o(i.__ARM_common_call_via_r2) for __ARM_common_call_via_r2
    __printf_flags_wp.o(.text) refers to __printf.o(i.__ARM_common_call_via_r1) for __ARM_common_call_via_r1
    __printf_flags_wp.o(.text) refers to __printf_wp.o(i._is_digit) for _is_digit
    __printf_flags_wp.o(.text) refers to _printf_percent.o(.ARM.Collect$$_printf_percent$$00000000) for _printf_percent
    __printf_flags_wp.o(.text) refers to __printf.o(i.__ARM_common_call_via_r2) for __ARM_common_call_via_r2
    __printf_flags_wp.o(.text) refers to __printf_flags_wp.o(.constdata) for .constdata
    __printf_ss_wp.o(.text) refers to __printf.o(i.__ARM_common_call_via_r1) for __ARM_common_call_via_r1
    __printf_ss_wp.o(.text) refers to __printf_wp.o(i._is_digit) for _is_digit
    __printf_ss_wp.o(.text) refers to _printf_percent.o(.ARM.Collect$$_printf_percent$$00000000) for _printf_percent
    __printf_ss_wp.o(.text) refers to __printf.o(i.__ARM_common_call_via_r2) for __ARM_common_call_via_r2
    __printf_flags_ss_wp.o(.text) refers to __printf.o(i.__ARM_common_call_via_r1) for __ARM_common_call_via_r1
    __printf_flags_ss_wp.o(.text) refers to __printf_wp.o(i._is_digit) for _is_digit
    __printf_flags_ss_wp.o(.text) refers to _printf_percent.o(.ARM.Collect$$_printf_percent$$00000000) for _printf_percent
    __printf_flags_ss_wp.o(.text) refers to __printf.o(i.__ARM_common_call_via_r2) for __ARM_common_call_via_r2
    __printf_flags_ss_wp.o(.text) refers to __printf_flags_ss_wp.o(.constdata) for .constdata
    _printf_f.o(.ARM.Collect$$_printf_percent$$00000003) refers (Weak) to printf1.o(x$fpl$printf1) for _printf_fp_dec
    _printf_percent.o(.ARM.Collect$$_printf_percent$$00000000) refers (Special) to _printf_percent_end.o(.ARM.Collect$$_printf_percent$$00000017) for _printf_percent_end
    atoi.o(.text) refers to rt_errno_addr_intlibspace.o(.text) for __aeabi_errno_addr
    atoi.o(.text) refers to strtol.o(.text) for strtol
    __main.o(!!!main) refers to rtentry.o(.ARM.Collect$$rtentry$$00000000) for __rt_entry
    d2f.o(x$fpl$d2f) refers (Special) to usenofp.o(x$fpl$usenofp) for __I$use$fp
    d2f.o(x$fpl$d2f) refers to fretinf.o(x$fpl$fretinf) for __fpl_fretinf
    d2f.o(x$fpl$d2f) refers to dnaninf.o(x$fpl$dnaninf) for __fpl_dnaninf
    ddiv.o(x$fpl$drdiv) refers (Special) to usenofp.o(x$fpl$usenofp) for __I$use$fp
    ddiv.o(x$fpl$drdiv) refers to ddiv.o(x$fpl$ddiv) for ddiv_entry
    ddiv.o(x$fpl$ddiv) refers (Special) to usenofp.o(x$fpl$usenofp) for __I$use$fp
    ddiv.o(x$fpl$ddiv) refers to dretinf.o(x$fpl$dretinf) for __fpl_dretinf
    ddiv.o(x$fpl$ddiv) refers to dnaninf.o(x$fpl$dnaninf) for __fpl_dnaninf
    dflt_noclz.o(x$fpl$dfltu) refers (Special) to usenofp.o(x$fpl$usenofp) for __I$use$fp
    dflt_noclz.o(x$fpl$dfltu) refers to dflt_noclz.o(x$fpl$dflt) for __dflt_normalise
    dflt_noclz.o(x$fpl$dflt) refers (Special) to usenofp.o(x$fpl$usenofp) for __I$use$fp
    dmul.o(x$fpl$dmul) refers (Special) to usenofp.o(x$fpl$usenofp) for __I$use$fp
    dmul.o(x$fpl$dmul) refers to dretinf.o(x$fpl$dretinf) for __fpl_dretinf
    dmul.o(x$fpl$dmul) refers to dnaninf.o(x$fpl$dnaninf) for __fpl_dnaninf
    f2d.o(x$fpl$f2d) refers (Special) to usenofp.o(x$fpl$usenofp) for __I$use$fp
    f2d.o(x$fpl$f2d) refers to fnaninf.o(x$fpl$fnaninf) for __fpl_fnaninf
    f2d.o(x$fpl$f2d) refers to dretinf.o(x$fpl$dretinf) for __fpl_dretinf
    printf1.o(x$fpl$printf1) refers to _printf_fp_dec.o(.text) for _printf_fp_dec_real
    rtentry.o(.ARM.Collect$$rtentry$$00000000) refers (Special) to rtentry2.o(.ARM.Collect$$rtentry$$0000000A) for __rt_entry_li
    rtentry.o(.ARM.Collect$$rtentry$$00000000) refers (Special) to rtentry2.o(.ARM.Collect$$rtentry$$0000000D) for __rt_entry_main
    rtentry.o(.ARM.Collect$$rtentry$$00000000) refers (Special) to rtentry2.o(.ARM.Collect$$rtentry$$0000000C) for __rt_entry_postli_1
    rtentry.o(.ARM.Collect$$rtentry$$00000000) refers (Special) to rtentry2.o(.ARM.Collect$$rtentry$$00000009) for __rt_entry_postsh_1
    rtentry.o(.ARM.Collect$$rtentry$$00000000) refers (Special) to rtentry2.o(.ARM.Collect$$rtentry$$00000002) for __rt_entry_presh_1
    rtentry.o(.ARM.Collect$$rtentry$$00000000) refers (Special) to rtentry4.o(.ARM.Collect$$rtentry$$00000004) for __rt_entry_sh
    rt_errno_addr.o(.text) refers to rt_errno_addr.o(.bss) for __aeabi_errno_addr_data
    rt_errno_addr_intlibspace.o(.text) refers to libspace.o(.bss) for __libspace_start
    _printf_fp_dec.o(.text) refers (Special) to usenofp.o(x$fpl$usenofp) for __I$use$fp
    _printf_fp_dec.o(.text) refers (Special) to lc_numeric_c.o(locale$$code) for _get_lc_numeric
    _printf_fp_dec.o(.text) refers to istatus.o(x$fpl$ieeestatus) for __ieee_status
    _printf_fp_dec.o(.text) refers to bigflt0.o(.text) for _btod_etento
    _printf_fp_dec.o(.text) refers to btod.o(CL$$btod_d2e) for _btod_d2e
    _printf_fp_dec.o(.text) refers to btod.o(CL$$btod_ediv) for _btod_ediv
    _printf_fp_dec.o(.text) refers to btod.o(CL$$btod_emul) for _btod_emul
    _printf_fp_dec.o(.text) refers to lludiv10.o(.text) for _ll_udiv10
    _printf_fp_dec.o(.text) refers to fpclassify.o(i.__ARM_fpclassify) for __ARM_fpclassify
    _printf_fp_dec.o(.text) refers to _printf_fp_infnan.o(.text) for _printf_fp_infnan
    _printf_fp_dec.o(.text) refers to rtudiv10.o(.text) for __rt_udiv10
    _printf_fp_dec.o(.text) refers to __printf.o(i.__ARM_common_call_via_r2) for __ARM_common_call_via_r2
    _printf_fp_dec.o(.text) refers to rt_locale_intlibspace.o(.text) for __rt_locale
    _printf_char_file.o(.text) refers to _printf_char_common.o(.text) for _printf_char_common
    _printf_char_file.o(.text) refers to retarget_solution.o(.text) for ferror
    strtol.o(.text) refers to rt_ctype_table.o(.text) for __rt_ctype_table
    strtol.o(.text) refers to _strtoul.o(.text) for _strtoul
    strtol.o(.text) refers to rt_errno_addr_intlibspace.o(.text) for __aeabi_errno_addr
    dnaninf.o(x$fpl$dnaninf) refers (Special) to usenofp.o(x$fpl$usenofp) for __I$use$fp
    dretinf.o(x$fpl$dretinf) refers (Special) to usenofp.o(x$fpl$usenofp) for __I$use$fp
    fnaninf.o(x$fpl$fnaninf) refers (Special) to usenofp.o(x$fpl$usenofp) for __I$use$fp
    fretinf.o(x$fpl$fretinf) refers (Special) to usenofp.o(x$fpl$usenofp) for __I$use$fp
    libspace.o(.text) refers to libspace.o(.bss) for __libspace_start
    rtentry2.o(.ARM.Collect$$rtentry$$00000008) refers to boardinit2.o(.text) for _platform_post_stackheap_init
    rtentry2.o(.ARM.Collect$$rtentry$$0000000A) refers to libinit.o(.ARM.Collect$$libinit$$00000000) for __rt_lib_init
    rtentry2.o(.ARM.Collect$$rtentry$$0000000B) refers to boardinit3.o(.text) for _platform_post_lib_init
    rtentry2.o(.ARM.Collect$$rtentry$$0000000D) refers to exit.o(.text) for exit
    rtentry2.o(.ARM.Collect$$rtentry$$0000000D) refers to tc_ultrasonic_example.o(.text) for main
    rtentry2.o(.ARM.exidx) refers to rtentry2.o(.ARM.Collect$$rtentry$$00000001) for .ARM.Collect$$rtentry$$00000001
    rtentry2.o(.ARM.exidx) refers to rtentry2.o(.ARM.Collect$$rtentry$$00000008) for .ARM.Collect$$rtentry$$00000008
    rtentry2.o(.ARM.exidx) refers to rtentry2.o(.ARM.Collect$$rtentry$$0000000A) for .ARM.Collect$$rtentry$$0000000A
    rtentry2.o(.ARM.exidx) refers to rtentry2.o(.ARM.Collect$$rtentry$$0000000B) for .ARM.Collect$$rtentry$$0000000B
    rtentry2.o(.ARM.exidx) refers to rtentry2.o(.ARM.Collect$$rtentry$$0000000D) for .ARM.Collect$$rtentry$$0000000D
    rtentry4.o(.ARM.Collect$$rtentry$$00000004) refers to sys_stackheap_outer.o(.text) for __user_setup_stackheap
    rtentry4.o(.ARM.exidx) refers to rtentry4.o(.ARM.Collect$$rtentry$$00000004) for .ARM.Collect$$rtentry$$00000004
    rt_ctype_table.o(.text) refers to rt_locale_intlibspace.o(.text) for __rt_locale
    rt_ctype_table.o(.text) refers to lc_ctype_c.o(locale$$code) for _get_lc_ctype
    rt_locale.o(.text) refers to rt_locale.o(.bss) for __rt_locale_data
    rt_locale_intlibspace.o(.text) refers to libspace.o(.bss) for __libspace_start
    _printf_char_common.o(.text) refers to __printf.o(.text) for __printf
    _printf_fp_infnan.o(.text) refers to __printf.o(i.__ARM_common_call_via_r2) for __ARM_common_call_via_r2
    _strtoul.o(.text) refers to _chval.o(.text) for _chval
    _strtoul.o(.text) refers to rt_errno_addr_intlibspace.o(.text) for __aeabi_errno_addr
    bigflt0.o(.text) refers (Special) to usenofp.o(x$fpl$usenofp) for __I$use$fp
    bigflt0.o(.text) refers to aeabi_sdiv.o(.text) for __aeabi_idivmod
    bigflt0.o(.text) refers to btod.o(CL$$btod_emul) for _btod_emul
    bigflt0.o(.text) refers to btod.o(CL$$btod_ediv) for _btod_ediv
    bigflt0.o(.text) refers to bigflt0.o(.constdata) for .constdata
    bigflt0.o(.constdata) refers (Special) to usenofp.o(x$fpl$usenofp) for __I$use$fp
    btod.o(CL$$btod_d2e) refers (Special) to usenofp.o(x$fpl$usenofp) for __I$use$fp
    btod.o(CL$$btod_d2e) refers to btod.o(CL$$btod_d2e_norm_op1) for _d2e_norm_op1
    btod.o(CL$$btod_d2e_norm_op1) refers (Special) to usenofp.o(x$fpl$usenofp) for __I$use$fp
    btod.o(CL$$btod_d2e_norm_op1) refers to btod.o(CL$$btod_d2e_denorm_low) for _d2e_denorm_low
    btod.o(CL$$btod_d2e_denorm_low) refers (Special) to usenofp.o(x$fpl$usenofp) for __I$use$fp
    btod.o(CL$$btod_emul) refers (Special) to usenofp.o(x$fpl$usenofp) for __I$use$fp
    btod.o(CL$$btod_emul) refers to btod.o(CL$$btod_mult_common) for __btod_mult_common
    btod.o(CL$$btod_emul) refers to btod.o(CL$$btod_e2e) for _e2e
    btod.o(CL$$btod_ediv) refers (Special) to usenofp.o(x$fpl$usenofp) for __I$use$fp
    btod.o(CL$$btod_ediv) refers to btod.o(CL$$btod_div_common) for __btod_div_common
    btod.o(CL$$btod_ediv) refers to btod.o(CL$$btod_e2e) for _e2e
    btod.o(CL$$btod_emuld) refers (Special) to usenofp.o(x$fpl$usenofp) for __I$use$fp
    btod.o(CL$$btod_emuld) refers to btod.o(CL$$btod_mult_common) for __btod_mult_common
    btod.o(CL$$btod_emuld) refers to btod.o(CL$$btod_e2d) for _e2d
    btod.o(CL$$btod_edivd) refers (Special) to usenofp.o(x$fpl$usenofp) for __I$use$fp
    btod.o(CL$$btod_edivd) refers to btod.o(CL$$btod_div_common) for __btod_div_common
    btod.o(CL$$btod_edivd) refers to btod.o(CL$$btod_e2d) for _e2d
    btod.o(CL$$btod_e2e) refers (Special) to usenofp.o(x$fpl$usenofp) for __I$use$fp
    btod.o(CL$$btod_e2d) refers (Special) to usenofp.o(x$fpl$usenofp) for __I$use$fp
    btod.o(CL$$btod_e2d) refers to btod.o(CL$$btod_e2e) for _e2e
    btod.o(CL$$btod_mult_common) refers (Special) to usenofp.o(x$fpl$usenofp) for __I$use$fp
    btod.o(CL$$btod_div_common) refers (Special) to usenofp.o(x$fpl$usenofp) for __I$use$fp
    lc_numeric_c.o(locale$$data) refers (Special) to libinit2.o(.ARM.Collect$$libinit$$00000014) for __rt_lib_init_lc_numeric_2
    lc_numeric_c.o(locale$$code) refers (Special) to libinit2.o(.ARM.Collect$$libinit$$00000014) for __rt_lib_init_lc_numeric_2
    lc_numeric_c.o(locale$$code) refers to strcmp.o(.text) for strcmp
    lc_numeric_c.o(locale$$code) refers to lc_numeric_c.o(locale$$data) for __lcnum_c_name
    istatus.o(x$fpl$ieeestatus) refers (Special) to usenofp.o(x$fpl$usenofp) for __I$use$fp
    fpclassify.o(i.__ARM_fpclassify) refers (Special) to usenofp.o(x$fpl$usenofp) for __I$use$fp
    sys_stackheap_outer.o(.text) refers to libspace.o(.text) for __user_perproc_libspace
    sys_stackheap_outer.o(.text) refers to sam7.o(.text) for __user_initial_stackheap
    __printf_nopercent.o(.text) refers to __printf_nopercent.o(i.__ARM_common_call_via_r7) for __ARM_common_call_via_r7
    __printf_nopercent.o(.text) refers to __printf_nopercent.o(i.__ARM_common_call_via_r5) for __ARM_common_call_via_r5
    lc_ctype_c.o(locale$$data) refers (Special) to libinit2.o(.ARM.Collect$$libinit$$00000010) for __rt_lib_init_lc_ctype_2
    lc_ctype_c.o(locale$$code) refers (Special) to libinit2.o(.ARM.Collect$$libinit$$00000010) for __rt_lib_init_lc_ctype_2
    lc_ctype_c.o(locale$$code) refers to strcmp.o(.text) for strcmp
    lc_ctype_c.o(locale$$code) refers to lc_ctype_c.o(locale$$data) for __lcctype_c_name
    exit.o(.text) refers to rtexit.o(.ARM.Collect$$rtexit$$00000000) for __rt_exit
    aeabi_sdiv.o(.text_udiv) refers to aeabi_sdiv.o(.text) for __arm_div2
    aeabi_sdiv_div0.o(.text_udiv) refers to aeabi_sdiv_div0.o(.text) for __arm_div2
    libinit.o(.ARM.Collect$$libinit$$00000000) refers (Special) to libinit2.o(.ARM.Collect$$libinit$$0000002C) for __rt_lib_init_alloca_1
    libinit.o(.ARM.Collect$$libinit$$00000000) refers (Special) to libinit2.o(.ARM.Collect$$libinit$$0000002A) for __rt_lib_init_argv_1
    libinit.o(.ARM.Collect$$libinit$$00000000) refers (Special) to libinit2.o(.ARM.Collect$$libinit$$00000019) for __rt_lib_init_atexit_1
    libinit.o(.ARM.Collect$$libinit$$00000000) refers (Special) to libinit2.o(.ARM.Collect$$libinit$$0000001F) for __rt_lib_init_clock_1
    libinit.o(.ARM.Collect$$libinit$$00000000) refers (Special) to libinit2.o(.ARM.Collect$$libinit$$00000030) for __rt_lib_init_cpp_1
    libinit.o(.ARM.Collect$$libinit$$00000000) refers (Special) to libinit2.o(.ARM.Collect$$libinit$$0000002E) for __rt_lib_init_exceptions_1
    libinit.o(.ARM.Collect$$libinit$$00000000) refers (Special) to libinit2.o(.ARM.Collect$$libinit$$00000002) for __rt_lib_init_fp_1
    libinit.o(.ARM.Collect$$libinit$$00000000) refers (Special) to libinit2.o(.ARM.Collect$$libinit$$0000001D) for __rt_lib_init_fp_trap_1
    libinit.o(.ARM.Collect$$libinit$$00000000) refers (Special) to libinit2.o(.ARM.Collect$$libinit$$00000021) for __rt_lib_init_getenv_1
    libinit.o(.ARM.Collect$$libinit$$00000000) refers (Special) to libinit2.o(.ARM.Collect$$libinit$$00000008) for __rt_lib_init_heap_1
    libinit.o(.ARM.Collect$$libinit$$00000000) refers (Special) to libinit2.o(.ARM.Collect$$libinit$$0000000F) for __rt_lib_init_lc_collate_1
    libinit.o(.ARM.Collect$$libinit$$00000000) refers (Special) to libinit2.o(.ARM.Collect$$libinit$$00000011) for __rt_lib_init_lc_ctype_1
    libinit.o(.ARM.Collect$$libinit$$00000000) refers (Special) to libinit2.o(.ARM.Collect$$libinit$$00000013) for __rt_lib_init_lc_monetary_1
    libinit.o(.ARM.Collect$$libinit$$00000000) refers (Special) to libinit2.o(.ARM.Collect$$libinit$$00000015) for __rt_lib_init_lc_numeric_1
    libinit.o(.ARM.Collect$$libinit$$00000000) refers (Special) to libinit2.o(.ARM.Collect$$libinit$$00000017) for __rt_lib_init_lc_time_1
    libinit.o(.ARM.Collect$$libinit$$00000000) refers (Special) to libinit2.o(.ARM.Collect$$libinit$$0000000C) for __rt_lib_init_rand_1
    libinit.o(.ARM.Collect$$libinit$$00000000) refers (Special) to libinit2.o(.ARM.Collect$$libinit$$00000031) for __rt_lib_init_return
    libinit.o(.ARM.Collect$$libinit$$00000000) refers (Special) to libinit2.o(.ARM.Collect$$libinit$$0000001B) for __rt_lib_init_signal_1
    libinit.o(.ARM.Collect$$libinit$$00000000) refers (Special) to libinit2.o(.ARM.Collect$$libinit$$00000023) for __rt_lib_init_stdio_1
    libinit.o(.ARM.Collect$$libinit$$00000000) refers (Special) to libinit2.o(.ARM.Collect$$libinit$$0000000A) for __rt_lib_init_user_alloc_1
    libinit2.o(.ARM.Collect$$libinit$$00000001) refers to fpinit.o(x$fpl$fpinit) for _fp_init
    libinit2.o(.ARM.Collect$$libinit$$0000000D) refers (Weak) to rt_locale_intlibspace.o(.text) for __rt_locale
    libinit2.o(.ARM.Collect$$libinit$$0000000E) refers to libinit2.o(.ARM.Collect$$libinit$$0000000D) for .ARM.Collect$$libinit$$0000000D
    libinit2.o(.ARM.Collect$$libinit$$00000010) refers to libinit2.o(.ARM.Collect$$libinit$$0000000D) for .ARM.Collect$$libinit$$0000000D
    libinit2.o(.ARM.Collect$$libinit$$00000010) refers (Weak) to lc_ctype_c.o(locale$$code) for _get_lc_ctype
    libinit2.o(.ARM.Collect$$libinit$$00000012) refers to libinit2.o(.ARM.Collect$$libinit$$0000000D) for .ARM.Collect$$libinit$$0000000D
    libinit2.o(.ARM.Collect$$libinit$$00000014) refers to libinit2.o(.ARM.Collect$$libinit$$0000000D) for .ARM.Collect$$libinit$$0000000D
    libinit2.o(.ARM.Collect$$libinit$$00000014) refers (Weak) to lc_numeric_c.o(locale$$code) for _get_lc_numeric
    libinit2.o(.ARM.Collect$$libinit$$00000016) refers to libinit2.o(.ARM.Collect$$libinit$$0000000D) for .ARM.Collect$$libinit$$0000000D
    libinit2.o(.ARM.Collect$$libinit$$00000024) refers to argv_veneer.o(.emb_text) for __ARM_argv_veneer
    libinit2.o(.ARM.Collect$$libinit$$00000025) refers to argv_veneer.o(.emb_text) for __ARM_argv_veneer
    rtexit.o(.ARM.Collect$$rtexit$$00000000) refers (Special) to rtexit2.o(.ARM.Collect$$rtexit$$00000004) for __rt_exit_exit
    rtexit.o(.ARM.Collect$$rtexit$$00000000) refers (Special) to rtexit2.o(.ARM.Collect$$rtexit$$00000003) for __rt_exit_ls
    rtexit.o(.ARM.Collect$$rtexit$$00000000) refers (Special) to rtexit2.o(.ARM.Collect$$rtexit$$00000002) for __rt_exit_prels_1
    rtexit.o(.ARM.exidx) refers (Special) to rtexit2.o(.ARM.Collect$$rtexit$$00000004) for __rt_exit_exit
    rtexit.o(.ARM.exidx) refers (Special) to rtexit2.o(.ARM.Collect$$rtexit$$00000003) for __rt_exit_ls
    rtexit.o(.ARM.exidx) refers (Special) to rtexit2.o(.ARM.Collect$$rtexit$$00000002) for __rt_exit_prels_1
    rtexit.o(.ARM.exidx) refers to rtexit.o(.ARM.Collect$$rtexit$$00000000) for .ARM.Collect$$rtexit$$00000000
    aeabi_idiv0_sigfpe.o(.text) refers to rt_div0.o(.text) for __rt_div0
    argv_veneer.o(.emb_text) refers to no_argv.o(.text) for __ARM_get_argv
    rtexit2.o(.ARM.Collect$$rtexit$$00000003) refers to libshutdown.o(.ARM.Collect$$libshutdown$$00000000) for __rt_lib_shutdown
    rtexit2.o(.ARM.Collect$$rtexit$$00000004) refers to retarget_solution.o(.text) for _sys_exit
    rtexit2.o(.ARM.exidx) refers to rtexit2.o(.ARM.Collect$$rtexit$$00000001) for .ARM.Collect$$rtexit$$00000001
    rtexit2.o(.ARM.exidx) refers to rtexit2.o(.ARM.Collect$$rtexit$$00000003) for .ARM.Collect$$rtexit$$00000003
    rtexit2.o(.ARM.exidx) refers to rtexit2.o(.ARM.Collect$$rtexit$$00000004) for .ARM.Collect$$rtexit$$00000004
    rt_div0.o(.text) refers to defsig_fpe_outer.o(.text) for __rt_SIGFPE
    _get_argv_nomalloc.o(.text) refers (Special) to hrguard.o(.text) for __heap_region$guard
    _get_argv_nomalloc.o(.text) refers to defsig_rtmem_outer.o(.text) for __rt_SIGRTMEM
    _get_argv_nomalloc.o(.text) refers to sys_command.o(.text) for _sys_command_string
    sys_command.o(.text) refers (Special) to use_no_semi.o(.text) for __I$use$semihosting
    sys_command.o(.text) refers (Special) to indicate_semi.o(.text) for __semihosting_library_function
    defsig_fpe_outer.o(.text) refers to defsig_fpe_inner.o(.text) for __rt_SIGFPE_inner
    defsig_fpe_outer.o(.text) refers to defsig_exit.o(.text) for __sig_exit
    defsig_fpe_formal.o(.text) refers to rt_raise.o(.text) for __rt_raise
    defsig_rtmem_outer.o(.text) refers to defsig_rtmem_inner.o(.text) for __rt_SIGRTMEM_inner
    defsig_rtmem_outer.o(.text) refers to defsig_exit.o(.text) for __sig_exit
    defsig_rtmem_formal.o(.text) refers to rt_raise.o(.text) for __rt_raise
    libshutdown.o(.ARM.Collect$$libshutdown$$00000000) refers (Special) to libshutdown2.o(.ARM.Collect$$libshutdown$$00000006) for __rt_lib_shutdown_fp_trap_1
    libshutdown.o(.ARM.Collect$$libshutdown$$00000000) refers (Special) to libshutdown2.o(.ARM.Collect$$libshutdown$$0000000E) for __rt_lib_shutdown_heap_1
    libshutdown.o(.ARM.Collect$$libshutdown$$00000000) refers (Special) to libshutdown2.o(.ARM.Collect$$libshutdown$$0000000F) for __rt_lib_shutdown_return
    libshutdown.o(.ARM.Collect$$libshutdown$$00000000) refers (Special) to libshutdown2.o(.ARM.Collect$$libshutdown$$00000009) for __rt_lib_shutdown_signal_1
    libshutdown.o(.ARM.Collect$$libshutdown$$00000000) refers (Special) to libshutdown2.o(.ARM.Collect$$libshutdown$$00000003) for __rt_lib_shutdown_stdio_1
    libshutdown.o(.ARM.Collect$$libshutdown$$00000000) refers (Special) to libshutdown2.o(.ARM.Collect$$libshutdown$$0000000B) for __rt_lib_shutdown_user_alloc_1
    rt_raise.o(.text) refers to __raise.o(.text) for __raise
    rt_raise.o(.text) refers to retarget_solution.o(.text) for _sys_exit
    defsig_exit.o(.text) refers to retarget_solution.o(.text) for _sys_exit
    defsig_fpe_inner.o(.text) refers to defsig_general.o(.text) for __default_signal_display
    defsig_rtmem_inner.o(.text) refers to defsig_general.o(.text) for __default_signal_display
    __raise.o(.text) refers to __printf.o(i.__ARM_common_call_via_r2) for __ARM_common_call_via_r2
    __raise.o(.text) refers to defsig.o(CL$$defsig) for __default_signal_handler
    defsig_general.o(.text) refers to retarget_solution.o(.text) for _ttywrch
    defsig.o(CL$$defsig) refers to defsig_fpe_inner.o(.text) for __rt_SIGFPE_inner
    defsig.o(CL$$defsig) refers to defsig_rtmem_inner.o(.text) for __rt_SIGRTMEM_inner
    defsig_abrt_inner.o(.text) refers to defsig_general.o(.text) for __default_signal_display
    defsig_rtred_inner.o(.text) refers to defsig_general.o(.text) for __default_signal_display
    defsig_stak_inner.o(.text) refers to defsig_general.o(.text) for __default_signal_display
    defsig_pvfn_inner.o(.text) refers to defsig_general.o(.text) for __default_signal_display
    defsig_cppl_inner.o(.text) refers to defsig_general.o(.text) for __default_signal_display
    defsig_segv_inner.o(.text) refers to defsig_general.o(.text) for __default_signal_display
    defsig_other.o(.text) refers to defsig_general.o(.text) for __default_signal_display


==============================================================================

Removing Unused input sections from the image.

    Removing input_integer.o(.text), (212 bytes).
    Removing tc_ultrasonic_example.o(.constdata), (4 bytes).
    Removing tc_assembly.o(VARIABLES), (8 bytes).

3 unused section(s) (total 224 bytes) removed from the image.

==============================================================================

Adding Veneers to the image

    Adding TA veneer (4 bytes, Inline) for call to '_printf_percent' from __printf.o(.text).
    Adding AT veneer (8 bytes, Inline) for call to '__rt_lib_init' from rtentry2.o(.ARM.Collect$$rtentry$$0000000A).
    Adding AT veneer (8 bytes, Inline) for call to '__rt_lib_shutdown' from rtexit2.o(.ARM.Collect$$rtexit$$00000003).
    Adding TA veneer (4 bytes, Inline) for call to '__rt_exit' from exit.o(.text).
    Adding AT veneer (8 bytes, Inline) for call to '__2printf' from tc_ultrasonic_example.o(.text).
    Adding TA veneer (4 bytes, Inline) for call to '__rt_locale' from libinit2.o(.ARM.Collect$$libinit$$0000000D).
    Adding TA veneer (4 bytes, Inline) for call to '_ll_udiv10' from _printf_fp_dec.o(.text).
    Adding TA veneer (4 bytes, Inline) for call to '__rt_udiv10' from _printf_fp_dec.o(.text).
    Adding TA veneer (4 bytes, Inline) for call to '__aeabi_idivmod' from bigflt0.o(.text).
    Adding TA veneer (4 bytes, Inline) for call to '_btod_d2e' from _printf_fp_dec.o(.text).
    Adding TA veneer (4 bytes, Inline) for call to '_btod_ediv' from _printf_fp_dec.o(.text).
    Adding TA veneer (4 bytes, Inline) for call to '_btod_emul' from _printf_fp_dec.o(.text).
    Adding TA veneer (8 bytes, Short) for call to 'ferror' from _printf_char_file.o(.text).
    Adding AT veneer (12 bytes, Long) for call to '_printf_fp_dec_real' from printf1.o(x$fpl$printf1).
    Adding TA veneer (4 bytes, Inline) for call to '__ARM_fpclassify' from _printf_fp_dec.o(.text).
    Adding TA veneer (4 bytes, Inline) for call to '_get_lc_numeric' from libinit2.o(.ARM.Collect$$libinit$$00000014).
    Adding TA veneer (4 bytes, Inline) for call to '__ieee_status' from _printf_fp_dec.o(.text).

17 Veneer(s) (total 92 bytes) added to the image.

==============================================================================

Image Symbol Table

    Local Symbols

    Symbol Name                              Value     Ov Type        Size  Object(Section)

    ../clib/angel/boardlib.s                 0x00000000   Number         0  boardinit2.o ABSOLUTE
    ../clib/angel/boardlib.s                 0x00000000   Number         0  boardshut.o ABSOLUTE
    ../clib/angel/boardlib.s                 0x00000000   Number         0  boardinit3.o ABSOLUTE
    ../clib/angel/boardlib.s                 0x00000000   Number         0  boardinit1.o ABSOLUTE
    ../clib/angel/handlers.s                 0x00000000   Number         0  __scatter_zi.o ABSOLUTE
    ../clib/angel/handlers.s                 0x00000000   Number         0  __scatter_copy.o ABSOLUTE
    ../clib/angel/kernel.s                   0x00000000   Number         0  rtentry.o ABSOLUTE
    ../clib/angel/kernel.s                   0x00000000   Number         0  rtentry2.o ABSOLUTE
    ../clib/angel/kernel.s                   0x00000000   Number         0  rtexit.o ABSOLUTE
    ../clib/angel/kernel.s                   0x00000000   Number         0  rtentry4.o ABSOLUTE
    ../clib/angel/kernel.s                   0x00000000   Number         0  rtexit2.o ABSOLUTE
    ../clib/angel/rt.s                       0x00000000   Number         0  rt_errno_addr.o ABSOLUTE
    ../clib/angel/rt.s                       0x00000000   Number         0  rt_errno_addr_intlibspace.o ABSOLUTE
    ../clib/angel/rt.s                       0x00000000   Number         0  rt_div0.o ABSOLUTE
    ../clib/angel/rt.s                       0x00000000   Number         0  rt_raise.o ABSOLUTE
    ../clib/angel/rt.s                       0x00000000   Number         0  aeabi_idiv0_sigfpe.o ABSOLUTE
    ../clib/angel/rt.s                       0x00000000   Number         0  aeabi_idiv0.o ABSOLUTE
    ../clib/angel/rt.s                       0x00000000   Number         0  rt_locale.o ABSOLUTE
    ../clib/angel/rt.s                       0x00000000   Number         0  rt_ctype_table.o ABSOLUTE
    ../clib/angel/rt.s                       0x00000000   Number         0  rt_locale_intlibspace.o ABSOLUTE
    ../clib/angel/scatter.s                  0x00000000   Number         0  __scatter.o ABSOLUTE
    ../clib/angel/startup.s                  0x00000000   Number         0  __main.o ABSOLUTE
    ../clib/angel/sys.s                      0x00000000   Number         0  indicate_semi.o ABSOLUTE
    ../clib/angel/sys.s                      0x00000000   Number         0  sys_stackheap_outer.o ABSOLUTE
    ../clib/angel/sys.s                      0x00000000   Number         0  use_no_semi.o ABSOLUTE
    ../clib/angel/sys.s                      0x00000000   Number         0  libspace.o ABSOLUTE
    ../clib/angel/sysapp.c                   0x00000000   Number         0  sys_command.o ABSOLUTE
    ../clib/armsys.c                         0x00000000   Number         0  no_argv.o ABSOLUTE
    ../clib/armsys.c                         0x00000000   Number         0  argv_veneer.o ABSOLUTE
    ../clib/armsys.c                         0x00000000   Number         0  argv_veneer.o ABSOLUTE
    ../clib/armsys.c                         0x00000000   Number         0  _get_argv_nomalloc.o ABSOLUTE
    ../clib/bigflt.c                         0x00000000   Number         0  bigflt0.o ABSOLUTE
    ../clib/btod.s                           0x00000000   Number         0  btod.o ABSOLUTE
    ../clib/division.s                       0x00000000   Number         0  aeabi_sdiv_div0.o ABSOLUTE
    ../clib/division.s                       0x00000000   Number         0  aeabi_sdiv.o ABSOLUTE
    ../clib/division.s                       0x00000000   Number         0  rtudiv10.o ABSOLUTE
    ../clib/divrt.s                          0x00000000   Number         0  divrt_7tdmi_div0.o ABSOLUTE
    ../clib/divrt.s                          0x00000000   Number         0  divrt_7tdmi.o ABSOLUTE
    ../clib/heapalloc.c                      0x00000000   Number         0  hrguard.o ABSOLUTE
    ../clib/heapaux.c                        0x00000000   Number         0  heapauxi.o ABSOLUTE
    ../clib/libinit.s                        0x00000000   Number         0  libshutdown.o ABSOLUTE
    ../clib/libinit.s                        0x00000000   Number         0  libinit2.o ABSOLUTE
    ../clib/libinit.s                        0x00000000   Number         0  libshutdown2.o ABSOLUTE
    ../clib/libinit.s                        0x00000000   Number         0  libinit.o ABSOLUTE
    ../clib/locale.s                         0x00000000   Number         0  lc_ctype_c.o ABSOLUTE
    ../clib/locale.s                         0x00000000   Number         0  lc_numeric_c.o ABSOLUTE
    ../clib/longlong.s                       0x00000000   Number         0  lludiv10.o ABSOLUTE
    ../clib/memcpset.s                       0x00000000   Number         0  strcmp.o ABSOLUTE
    ../clib/printf.c                         0x00000000   Number         0  _printf_char_common.o ABSOLUTE
    ../clib/printf.c                         0x00000000   Number         0  __printf_nopercent.o ABSOLUTE
    ../clib/printf.c                         0x00000000   Number         0  _printf_fp_infnan.o ABSOLUTE
    ../clib/printf.c                         0x00000000   Number         0  __2printf.o ABSOLUTE
    ../clib/printf.c                         0x00000000   Number         0  noretval__2printf.o ABSOLUTE
    ../clib/printf.c                         0x00000000   Number         0  __printf.o ABSOLUTE
    ../clib/printf.c                         0x00000000   Number         0  __printf_flags.o ABSOLUTE
    ../clib/printf.c                         0x00000000   Number         0  __printf_ss.o ABSOLUTE
    ../clib/printf.c                         0x00000000   Number         0  __printf_flags_ss.o ABSOLUTE
    ../clib/printf.c                         0x00000000   Number         0  __printf_wp.o ABSOLUTE
    ../clib/printf.c                         0x00000000   Number         0  __printf_flags_wp.o ABSOLUTE
    ../clib/printf.c                         0x00000000   Number         0  __printf_ss_wp.o ABSOLUTE
    ../clib/printf.c                         0x00000000   Number         0  __printf_flags_ss_wp.o ABSOLUTE
    ../clib/printf.c                         0x00000000   Number         0  _printf_fp_dec.o ABSOLUTE
    ../clib/printf.c                         0x00000000   Number         0  _printf_char_file.o ABSOLUTE
    ../clib/printf_percent.s                 0x00000000   Number         0  _printf_f.o ABSOLUTE
    ../clib/printf_percent.s                 0x00000000   Number         0  _printf_percent.o ABSOLUTE
    ../clib/printf_percent.s                 0x00000000   Number         0  _printf_percent_end.o ABSOLUTE
    ../clib/scanf.c                          0x00000000   Number         0  strtol.o ABSOLUTE
    ../clib/scanf.c                          0x00000000   Number         0  atoi.o ABSOLUTE
    ../clib/scanf.c                          0x00000000   Number         0  _chval.o ABSOLUTE
    ../clib/scanf.c                          0x00000000   Number         0  _strtoul.o ABSOLUTE
    ../clib/signal.c                         0x00000000   Number         0  defsig_rtmem_inner.o ABSOLUTE
    ../clib/signal.c                         0x00000000   Number         0  defsig_cppl_inner.o ABSOLUTE
    ../clib/signal.c                         0x00000000   Number         0  defsig_rtmem_outer.o ABSOLUTE
    ../clib/signal.c                         0x00000000   Number         0  defsig_segv_inner.o ABSOLUTE
    ../clib/signal.c                         0x00000000   Number         0  defsig_other.o ABSOLUTE
    ../clib/signal.c                         0x00000000   Number         0  __raise.o ABSOLUTE
    ../clib/signal.c                         0x00000000   Number         0  defsig_rtmem_formal.o ABSOLUTE
    ../clib/signal.c                         0x00000000   Number         0  defsig_fpe_outer.o ABSOLUTE
    ../clib/signal.c                         0x00000000   Number         0  defsig_general.o ABSOLUTE
    ../clib/signal.c                         0x00000000   Number         0  defsig_abrt_inner.o ABSOLUTE
    ../clib/signal.c                         0x00000000   Number         0  defsig_fpe_formal.o ABSOLUTE
    ../clib/signal.c                         0x00000000   Number         0  defsig_rtred_inner.o ABSOLUTE
    ../clib/signal.c                         0x00000000   Number         0  defsig_exit.o ABSOLUTE
    ../clib/signal.c                         0x00000000   Number         0  defsig_stak_inner.o ABSOLUTE
    ../clib/signal.c                         0x00000000   Number         0  defsig_fpe_inner.o ABSOLUTE
    ../clib/signal.c                         0x00000000   Number         0  defsig_pvfn_inner.o ABSOLUTE
    ../clib/signal.s                         0x00000000   Number         0  defsig.o ABSOLUTE
    ../clib/stdlib.c                         0x00000000   Number         0  exit.o ABSOLUTE
    ../fplib/d2f.s                           0x00000000   Number         0  d2f.o ABSOLUTE
    ../fplib/ddiv.s                          0x00000000   Number         0  ddiv.o ABSOLUTE
    ../fplib/dflt.s                          0x00000000   Number         0  dflt_noclz.o ABSOLUTE
    ../fplib/dmul.s                          0x00000000   Number         0  dmul.o ABSOLUTE
    ../fplib/dnaninf.s                       0x00000000   Number         0  dnaninf.o ABSOLUTE
    ../fplib/dretinf.s                       0x00000000   Number         0  dretinf.o ABSOLUTE
    ../fplib/f2d.s                           0x00000000   Number         0  f2d.o ABSOLUTE
    ../fplib/fnaninf.s                       0x00000000   Number         0  fnaninf.o ABSOLUTE
    ../fplib/fpinit.s                        0x00000000   Number         0  fpinit.o ABSOLUTE
    ../fplib/fretinf.s                       0x00000000   Number         0  fretinf.o ABSOLUTE
    ../fplib/istatus.s                       0x00000000   Number         0  istatus.o ABSOLUTE
    ../fplib/printf1.s                       0x00000000   Number         0  printf1.o ABSOLUTE
    ../fplib/usenofp.s                       0x00000000   Number         0  usenofp.o ABSOLUTE
    ../mathlib/fpclassify.c                  0x00000000   Number         0  fpclassify.o ABSOLUTE
    Assembly_Exp1_solution.s                 0x00000000   Number         0  assembly_exp1_solution.o ABSOLUTE
    Input_Integer.c                          0x00000000   Number         0  input_integer.o ABSOLUTE
    SAM7.s                                   0x00000000   Number         0  sam7.o ABSOLUTE
    TC_Assembly.s                            0x00000000   Number         0  tc_assembly.o ABSOLUTE
    TC_ultrasonic_example.c                  0x00000000   Number         0  tc_ultrasonic_example.o ABSOLUTE
    USART0_solution.s                        0x00000000   Number         0  usart0_solution.o ABSOLUTE
    dc.s                                     0x00000000   Number         0  dc.o ABSOLUTE
    retarget_solution.c                      0x00000000   Number         0  retarget_solution.o ABSOLUTE
    RESET                                    0x00100000   Section      336  sam7.o(RESET)
    Undef_Handler                            0x00100040   ARM Code       4  sam7.o(RESET)
    SWI_Handler                              0x00100044   ARM Code       4  sam7.o(RESET)
    PAbt_Handler                             0x00100048   ARM Code       4  sam7.o(RESET)
    DAbt_Handler                             0x0010004c   ARM Code       4  sam7.o(RESET)
    IRQ_Handler                              0x00100050   ARM Code       4  sam7.o(RESET)
    FIQ_Handler                              0x00100054   ARM Code       4  sam7.o(RESET)
    !!!main                                  0x00100150   Section        8  __main.o(!!!main)
    !!!scatter                               0x00100158   Section       60  __scatter.o(!!!scatter)
    !!handler_copy                           0x00100194   Section       40  __scatter_copy.o(!!handler_copy)
    !!handler_zi                             0x001001bc   Section       44  __scatter_zi.o(!!handler_zi)
    .ARM.Collect$$_printf_percent$$00000000  0x001001ec   Section        0  _printf_percent.o(.ARM.Collect$$_printf_percent$$00000000)
    .ARM.Collect$$_printf_percent$$00000003  0x001001ec   Section        8  _printf_f.o(.ARM.Collect$$_printf_percent$$00000003)
    .ARM.Collect$$_printf_percent$$00000017  0x001001f4   Section        8  _printf_percent_end.o(.ARM.Collect$$_printf_percent$$00000017)
    .ARM.Collect$$libinit$$00000000          0x00100204   Section        2  libinit.o(.ARM.Collect$$libinit$$00000000)
    .ARM.Collect$$libinit$$00000002          0x00100206   Section        0  libinit2.o(.ARM.Collect$$libinit$$00000002)
    .ARM.Collect$$libinit$$00000008          0x00100206   Section        0  libinit2.o(.ARM.Collect$$libinit$$00000008)
    .ARM.Collect$$libinit$$0000000A          0x00100206   Section        0  libinit2.o(.ARM.Collect$$libinit$$0000000A)
    .ARM.Collect$$libinit$$0000000C          0x00100206   Section        0  libinit2.o(.ARM.Collect$$libinit$$0000000C)
    .ARM.Collect$$libinit$$0000000D          0x00100206   Section        6  libinit2.o(.ARM.Collect$$libinit$$0000000D)
    .ARM.Collect$$libinit$$0000000F          0x0010020c   Section        0  libinit2.o(.ARM.Collect$$libinit$$0000000F)
    .ARM.Collect$$libinit$$00000011          0x0010020c   Section        0  libinit2.o(.ARM.Collect$$libinit$$00000011)
    .ARM.Collect$$libinit$$00000013          0x0010020c   Section        0  libinit2.o(.ARM.Collect$$libinit$$00000013)
    .ARM.Collect$$libinit$$00000014          0x0010020c   Section       10  libinit2.o(.ARM.Collect$$libinit$$00000014)
    .ARM.Collect$$libinit$$00000015          0x00100216   Section        0  libinit2.o(.ARM.Collect$$libinit$$00000015)
    .ARM.Collect$$libinit$$00000017          0x00100216   Section        0  libinit2.o(.ARM.Collect$$libinit$$00000017)
    .ARM.Collect$$libinit$$00000019          0x00100216   Section        0  libinit2.o(.ARM.Collect$$libinit$$00000019)
    .ARM.Collect$$libinit$$0000001B          0x00100216   Section        0  libinit2.o(.ARM.Collect$$libinit$$0000001B)
    .ARM.Collect$$libinit$$0000001D          0x00100216   Section        0  libinit2.o(.ARM.Collect$$libinit$$0000001D)
    .ARM.Collect$$libinit$$0000001F          0x00100216   Section        0  libinit2.o(.ARM.Collect$$libinit$$0000001F)
    .ARM.Collect$$libinit$$00000021          0x00100216   Section        0  libinit2.o(.ARM.Collect$$libinit$$00000021)
    .ARM.Collect$$libinit$$00000023          0x00100216   Section        0  libinit2.o(.ARM.Collect$$libinit$$00000023)
    .ARM.Collect$$libinit$$0000002A          0x00100216   Section        0  libinit2.o(.ARM.Collect$$libinit$$0000002A)
    .ARM.Collect$$libinit$$0000002C          0x00100216   Section        0  libinit2.o(.ARM.Collect$$libinit$$0000002C)
    .ARM.Collect$$libinit$$0000002E          0x00100216   Section        0  libinit2.o(.ARM.Collect$$libinit$$0000002E)
    .ARM.Collect$$libinit$$00000030          0x00100216   Section        0  libinit2.o(.ARM.Collect$$libinit$$00000030)
    .ARM.Collect$$libinit$$00000031          0x00100216   Section       12  libinit2.o(.ARM.Collect$$libinit$$00000031)
    .ARM.Collect$$libshutdown$$00000000      0x0010022c   Section        4  libshutdown.o(.ARM.Collect$$libshutdown$$00000000)
    .ARM.Collect$$libshutdown$$00000003      0x00100230   Section        0  libshutdown2.o(.ARM.Collect$$libshutdown$$00000003)
    .ARM.Collect$$libshutdown$$00000006      0x00100230   Section        0  libshutdown2.o(.ARM.Collect$$libshutdown$$00000006)
    .ARM.Collect$$libshutdown$$00000009      0x00100230   Section        0  libshutdown2.o(.ARM.Collect$$libshutdown$$00000009)
    .ARM.Collect$$libshutdown$$0000000B      0x00100230   Section        0  libshutdown2.o(.ARM.Collect$$libshutdown$$0000000B)
    .ARM.Collect$$libshutdown$$0000000E      0x00100230   Section        0  libshutdown2.o(.ARM.Collect$$libshutdown$$0000000E)
    .ARM.Collect$$libshutdown$$0000000F      0x00100230   Section        6  libshutdown2.o(.ARM.Collect$$libshutdown$$0000000F)
    .ARM.Collect$$rtentry$$00000000          0x00100238   Section        0  rtentry.o(.ARM.Collect$$rtentry$$00000000)
    .ARM.Collect$$rtentry$$00000002          0x00100238   Section        0  rtentry2.o(.ARM.Collect$$rtentry$$00000002)
    .ARM.Collect$$rtentry$$00000004          0x00100238   Section        8  rtentry4.o(.ARM.Collect$$rtentry$$00000004)
    .ARM.Collect$$rtentry$$00000009          0x00100240   Section        0  rtentry2.o(.ARM.Collect$$rtentry$$00000009)
    .ARM.Collect$$rtentry$$0000000A          0x00100240   Section        4  rtentry2.o(.ARM.Collect$$rtentry$$0000000A)
    .ARM.Collect$$rtentry$$0000000C          0x00100244   Section        0  rtentry2.o(.ARM.Collect$$rtentry$$0000000C)
    .ARM.Collect$$rtentry$$0000000D          0x00100244   Section       40  rtentry2.o(.ARM.Collect$$rtentry$$0000000D)
    .ARM.Collect$$rtexit$$00000000           0x00100270   Section        4  rtexit.o(.ARM.Collect$$rtexit$$00000000)
    .ARM.Collect$$rtexit$$00000002           0x00100274   Section        0  rtexit2.o(.ARM.Collect$$rtexit$$00000002)
    .ARM.Collect$$rtexit$$00000003           0x00100274   Section        4  rtexit2.o(.ARM.Collect$$rtexit$$00000003)
    .ARM.Collect$$rtexit$$00000004           0x00100278   Section        8  rtexit2.o(.ARM.Collect$$rtexit$$00000004)
    .text                                    0x00100280   Section       32  sam7.o(.text)
    .text                                    0x001002a0   Section        0  retarget_solution.o(.text)
    .text                                    0x001002e8   Section        0  tc_ultrasonic_example.o(.text)
    .text                                    0x0010045c   Section        4  use_no_semi.o(.text)
    .text                                    0x00100468   Section        0  noretval__2printf.o(.text)
    .text                                    0x00100484   Section        0  __printf.o(.text)
    .text                                    0x001004fa   Section        0  heapauxi.o(.text)
    .text                                    0x00100500   Section        0  _printf_fp_dec.o(.text)
    _fp_digits                               0x00100503   Thumb Code   414  _printf_fp_dec.o(.text)
    .text                                    0x00100920   Section        0  _printf_char_file.o(.text)
    .text                                    0x0010094c   Section       12  libspace.o(.text)
    .text                                    0x0010095c   Section       12  rt_locale_intlibspace.o(.text)
    .text                                    0x0010096c   Section      160  lludiv10.o(.text)
    .text                                    0x00100a0c   Section        0  _printf_char_common.o(.text)
    _printf_input_char                       0x00100a0d   Thumb Code    10  _printf_char_common.o(.text)
    .text                                    0x00100a3c   Section        0  _printf_fp_infnan.o(.text)
    .text                                    0x00100acc   Section        0  bigflt0.o(.text)
    .text                                    0x00100ba8   Section       44  rtudiv10.o(.text)
    .text                                    0x00100bd4   Section       96  sys_stackheap_outer.o(.text)
    .text                                    0x00100c34   Section        0  exit.o(.text)
    .text                                    0x00100c40   Section      160  strcmp.o(.text)
    .text                                    0x00100ce4   Section      384  aeabi_sdiv.o(.text)
    __arm_div8                               0x00100d10   ARM Code       0  aeabi_sdiv.o(.text)
    __arm_div5                               0x00100d34   ARM Code       0  aeabi_sdiv.o(.text)
    __arm_div2                               0x00100d58   ARM Code       0  aeabi_sdiv.o(.text)
    __arm_div_large                          0x00100d94   ARM Code       0  aeabi_sdiv.o(.text)
    CL$$btod_d2e                             0x00100e68   Section       56  btod.o(CL$$btod_d2e)
    CL$$btod_d2e_denorm_low                  0x00100ea0   Section       84  btod.o(CL$$btod_d2e_denorm_low)
    CL$$btod_d2e_norm_op1                    0x00100ef4   Section      104  btod.o(CL$$btod_d2e_norm_op1)
    CL$$btod_div_common                      0x00100f5c   Section      844  btod.o(CL$$btod_div_common)
    CL$$btod_e2e                             0x001012a8   Section      220  btod.o(CL$$btod_e2e)
    CL$$btod_ediv                            0x00101388   Section       52  btod.o(CL$$btod_ediv)
    CL$$btod_emul                            0x001013c0   Section       52  btod.o(CL$$btod_emul)
    CL$$btod_mult_common                     0x001013f4   Section      616  btod.o(CL$$btod_mult_common)
    COMPORT                                  0x0010165c   Section      244  usart0_solution.o(COMPORT)
    EXAMPLE                                  0x00101750   Section     1180  assembly_exp1_solution.o(EXAMPLE)
    EXAMPLE                                  0x00101bec   Section      316  tc_assembly.o(EXAMPLE)
    i.__ARM_common_call_via_r1               0x00101d3c   Section        0  __printf.o(i.__ARM_common_call_via_r1)
    i.__ARM_common_call_via_r2               0x00101d3e   Section        0  __printf.o(i.__ARM_common_call_via_r2)
    i.__ARM_fpclassify                       0x00101d44   Section        0  fpclassify.o(i.__ARM_fpclassify)
    locale$$code                             0x00101d78   Section       80  lc_numeric_c.o(locale$$code)
    x$fpl$d2f                                0x00101dc8   Section      108  d2f.o(x$fpl$d2f)
    x$fpl$ddiv                               0x00101e34   Section      736  ddiv.o(x$fpl$ddiv)
    ddiv_entry                               0x00101e3c   ARM Code       0  ddiv.o(x$fpl$ddiv)
    x$fpl$dflt                               0x00102114   Section       88  dflt_noclz.o(x$fpl$dflt)
    x$fpl$dfltu                              0x0010216c   Section       12  dflt_noclz.o(x$fpl$dfltu)
    x$fpl$dmul                               0x00102178   Section      384  dmul.o(x$fpl$dmul)
    x$fpl$dnaninf                            0x001022f8   Section      192  dnaninf.o(x$fpl$dnaninf)
    x$fpl$dretinf                            0x001023b8   Section       16  dretinf.o(x$fpl$dretinf)
    x$fpl$f2d                                0x001023c8   Section      100  f2d.o(x$fpl$f2d)
    x$fpl$fnaninf                            0x0010242c   Section      168  fnaninf.o(x$fpl$fnaninf)
    x$fpl$fretinf                            0x001024d4   Section       16  fretinf.o(x$fpl$fretinf)
    x$fpl$ieeestatus                         0x001024e8   Section        8  istatus.o(x$fpl$ieeestatus)
    x$fpl$printf1                            0x001024f0   Section        4  printf1.o(x$fpl$printf1)
    .constdata                               0x001024f4   Section      148  bigflt0.o(.constdata)
    x$fpl$usenofp                            0x001024f4   Section        0  usenofp.o(x$fpl$usenofp)
    tenpwrs_x                                0x001024f4   Data          60  bigflt0.o(.constdata)
    tenpwrs_i                                0x00102530   Data          64  bigflt0.o(.constdata)
    locale$$data                             0x001025a8   Section       28  lc_numeric_c.o(locale$$data)
    __lcnum_c_name                           0x001025ac   Data           2  lc_numeric_c.o(locale$$data)
    __lcnum_c_start                          0x001025b4   Data           0  lc_numeric_c.o(locale$$data)
    __lcnum_c_point                          0x001025c0   Data           0  lc_numeric_c.o(locale$$data)
    __lcnum_c_thousands                      0x001025c2   Data           0  lc_numeric_c.o(locale$$data)
    __lcnum_c_grouping                       0x001025c3   Data           0  lc_numeric_c.o(locale$$data)
    __lcnum_c_end                            0x001025c4   Data           0  lc_numeric_c.o(locale$$data)
    .data                                    0x00200000   Section        4  retarget_solution.o(.data)
    VARIABLES                                0x00200004   Section       12  assembly_exp1_solution.o(VARIABLES)
    INC_VALUE                                0x00200008   Data           4  assembly_exp1_solution.o(VARIABLES)
    DEC_VALUE                                0x0020000c   Data           4  assembly_exp1_solution.o(VARIABLES)
    .bss                                     0x00200010   Section       96  libspace.o(.bss)
    HEAP                                     0x00200070   Section        0  sam7.o(HEAP)
    STACK                                    0x00200070   Section     1160  sam7.o(STACK)
    Heap_Mem                                 0x00200070   Data           0  sam7.o(HEAP)
    Stack_Mem                                0x00200070   Data        1024  sam7.o(STACK)
    Stack_Top                                0x002004f8   Data           0  sam7.o(STACK)

    Global Symbols

    Symbol Name                              Value     Ov Type        Size  Object(Section)

    BuildAttributes$$THM_ISAv1$ARM_ISAv4$S$PE$A:L22$X:L11$S22$IEEE1$IW$USESV6$~STKCKD$USESV7$~SHL$OTIME$ROPI$IEEEJ$EBA8$UX$STANDARDLIB$REQ8$PRES8$EABIv2 0x00000000   Number         0  anon$$obj.o ABSOLUTE
    __ARM_use_no_argv                        0x00000000   Number         0  tc_ultrasonic_example.o ABSOLUTE
    __ARM_exceptions_init                     - Undefined Weak Reference
    __alloca_initialize                       - Undefined Weak Reference
    __cpp_initialize__aeabi_                  - Undefined Weak Reference
    __cxa_finalize                            - Undefined Weak Reference
    __sigvec_lookup                           - Undefined Weak Reference
    _atexit_init                              - Undefined Weak Reference
    _call_atexit_fns                          - Undefined Weak Reference
    _clock_init                               - Undefined Weak Reference
    _fp_trap_init                             - Undefined Weak Reference
    _fp_trap_shutdown                         - Undefined Weak Reference
    _get_lc_collate                           - Undefined Weak Reference
    _get_lc_monetary                          - Undefined Weak Reference
    _get_lc_time                              - Undefined Weak Reference
    _getenv_init                              - Undefined Weak Reference
    _handle_redirection                       - Undefined Weak Reference
    _init_alloc                               - Undefined Weak Reference
    _init_user_alloc                          - Undefined Weak Reference
    _initio                                   - Undefined Weak Reference
    _printf_post_padding                      - Undefined Weak Reference
    _printf_pre_padding                       - Undefined Weak Reference
    _rand_init                                - Undefined Weak Reference
    _signal_finish                            - Undefined Weak Reference
    _signal_init                              - Undefined Weak Reference
    _terminate_alloc                          - Undefined Weak Reference
    _terminate_user_alloc                     - Undefined Weak Reference
    _terminateio                              - Undefined Weak Reference
    Reset_Handler                            0x00100058   ARM Code       0  sam7.o(RESET)
    __main                                   0x00100150   ARM Code       8  __main.o(!!!main)
    __scatterload                            0x00100158   ARM Code       0  __scatter.o(!!!scatter)
    __scatterload_rt2                        0x00100158   ARM Code      52  __scatter.o(!!!scatter)
    __scatterload_null                       0x0010016c   ARM Code       0  __scatter.o(!!!scatter)
    __scatterload_copy                       0x00100194   ARM Code      40  __scatter_copy.o(!!handler_copy)
    __scatterload_zeroinit                   0x001001bc   ARM Code      44  __scatter_zi.o(!!handler_zi)
    Inline Thumb to ARM Veneer to _printf_percent 0x001001e9   Thumb Code     4  _printf_percent.o(.ARM.Collect$$_printf_percent$$00000000)
    _printf_f                                0x001001ec   ARM Code       0  _printf_f.o(.ARM.Collect$$_printf_percent$$00000003)
    _printf_percent                          0x001001ec   ARM Code       0  _printf_percent.o(.ARM.Collect$$_printf_percent$$00000000)
    _printf_percent_end                      0x001001f4   ARM Code       0  _printf_percent_end.o(.ARM.Collect$$_printf_percent$$00000017)
    Inline ARM to Thumb Veneer to __rt_lib_init 0x001001fc   ARM Code       8  libinit.o(.ARM.Collect$$libinit$$00000000)
    __rt_lib_init                            0x00100205   Thumb Code     0  libinit.o(.ARM.Collect$$libinit$$00000000)
    __rt_lib_init_fp_1                       0x00100207   Thumb Code     0  libinit2.o(.ARM.Collect$$libinit$$00000002)
    __rt_lib_init_heap_1                     0x00100207   Thumb Code     0  libinit2.o(.ARM.Collect$$libinit$$00000008)
    __rt_lib_init_lc_common                  0x00100207   Thumb Code     0  libinit2.o(.ARM.Collect$$libinit$$0000000D)
    __rt_lib_init_rand_1                     0x00100207   Thumb Code     0  libinit2.o(.ARM.Collect$$libinit$$0000000C)
    __rt_lib_init_user_alloc_1               0x00100207   Thumb Code     0  libinit2.o(.ARM.Collect$$libinit$$0000000A)
    __rt_lib_init_lc_collate_1               0x0010020d   Thumb Code     0  libinit2.o(.ARM.Collect$$libinit$$0000000F)
    __rt_lib_init_lc_ctype_1                 0x0010020d   Thumb Code     0  libinit2.o(.ARM.Collect$$libinit$$00000011)
    __rt_lib_init_lc_monetary_1              0x0010020d   Thumb Code     0  libinit2.o(.ARM.Collect$$libinit$$00000013)
    __rt_lib_init_lc_numeric_2               0x0010020d   Thumb Code     0  libinit2.o(.ARM.Collect$$libinit$$00000014)
    __rt_lib_init_alloca_1                   0x00100217   Thumb Code     0  libinit2.o(.ARM.Collect$$libinit$$0000002C)
    __rt_lib_init_argv_1                     0x00100217   Thumb Code     0  libinit2.o(.ARM.Collect$$libinit$$0000002A)
    __rt_lib_init_atexit_1                   0x00100217   Thumb Code     0  libinit2.o(.ARM.Collect$$libinit$$00000019)
    __rt_lib_init_clock_1                    0x00100217   Thumb Code     0  libinit2.o(.ARM.Collect$$libinit$$0000001F)
    __rt_lib_init_cpp_1                      0x00100217   Thumb Code     0  libinit2.o(.ARM.Collect$$libinit$$00000030)
    __rt_lib_init_exceptions_1               0x00100217   Thumb Code     0  libinit2.o(.ARM.Collect$$libinit$$0000002E)
    __rt_lib_init_fp_trap_1                  0x00100217   Thumb Code     0  libinit2.o(.ARM.Collect$$libinit$$0000001D)
    __rt_lib_init_getenv_1                   0x00100217   Thumb Code     0  libinit2.o(.ARM.Collect$$libinit$$00000021)
    __rt_lib_init_lc_numeric_1               0x00100217   Thumb Code     0  libinit2.o(.ARM.Collect$$libinit$$00000015)
    __rt_lib_init_lc_time_1                  0x00100217   Thumb Code     0  libinit2.o(.ARM.Collect$$libinit$$00000017)
    __rt_lib_init_return                     0x00100217   Thumb Code     0  libinit2.o(.ARM.Collect$$libinit$$00000031)
    __rt_lib_init_signal_1                   0x00100217   Thumb Code     0  libinit2.o(.ARM.Collect$$libinit$$0000001B)
    __rt_lib_init_stdio_1                    0x00100217   Thumb Code     0  libinit2.o(.ARM.Collect$$libinit$$00000023)
    Inline ARM to Thumb Veneer to __rt_lib_shutdown 0x00100224   ARM Code       8  libshutdown.o(.ARM.Collect$$libshutdown$$00000000)
    __rt_lib_shutdown                        0x0010022d   Thumb Code     0  libshutdown.o(.ARM.Collect$$libshutdown$$00000000)
    __rt_lib_shutdown_fp_trap_1              0x00100231   Thumb Code     0  libshutdown2.o(.ARM.Collect$$libshutdown$$00000006)
    __rt_lib_shutdown_heap_1                 0x00100231   Thumb Code     0  libshutdown2.o(.ARM.Collect$$libshutdown$$0000000E)
    __rt_lib_shutdown_return                 0x00100231   Thumb Code     0  libshutdown2.o(.ARM.Collect$$libshutdown$$0000000F)
    __rt_lib_shutdown_signal_1               0x00100231   Thumb Code     0  libshutdown2.o(.ARM.Collect$$libshutdown$$00000009)
    __rt_lib_shutdown_stdio_1                0x00100231   Thumb Code     0  libshutdown2.o(.ARM.Collect$$libshutdown$$00000003)
    __rt_lib_shutdown_user_alloc_1           0x00100231   Thumb Code     0  libshutdown2.o(.ARM.Collect$$libshutdown$$0000000B)
    __rt_entry                               0x00100238   ARM Code       0  rtentry.o(.ARM.Collect$$rtentry$$00000000)
    __rt_entry_presh_1                       0x00100238   ARM Code       0  rtentry2.o(.ARM.Collect$$rtentry$$00000002)
    __rt_entry_sh                            0x00100238   ARM Code       0  rtentry4.o(.ARM.Collect$$rtentry$$00000004)
    __rt_entry_li                            0x00100240   ARM Code       0  rtentry2.o(.ARM.Collect$$rtentry$$0000000A)
    __rt_entry_postsh_1                      0x00100240   ARM Code       0  rtentry2.o(.ARM.Collect$$rtentry$$00000009)
    __rt_entry_main                          0x00100244   ARM Code       0  rtentry2.o(.ARM.Collect$$rtentry$$0000000D)
    __rt_entry_postli_1                      0x00100244   ARM Code       0  rtentry2.o(.ARM.Collect$$rtentry$$0000000C)
    Inline Thumb to ARM Veneer to __rt_exit  0x0010026d   Thumb Code     4  rtexit.o(.ARM.Collect$$rtexit$$00000000)
    __rt_exit                                0x00100270   ARM Code       0  rtexit.o(.ARM.Collect$$rtexit$$00000000)
    __rt_exit_ls                             0x00100274   ARM Code       0  rtexit2.o(.ARM.Collect$$rtexit$$00000003)
    __rt_exit_prels_1                        0x00100274   ARM Code       0  rtexit2.o(.ARM.Collect$$rtexit$$00000002)
    __rt_exit_exit                           0x00100278   ARM Code       0  rtexit2.o(.ARM.Collect$$rtexit$$00000004)
    __user_initial_stackheap                 0x00100280   ARM Code       0  sam7.o(.text)
    fputc                                    0x001002a0   ARM Code      28  retarget_solution.o(.text)
    ferror                                   0x001002bc   ARM Code      12  retarget_solution.o(.text)
    _ttywrch                                 0x001002c8   ARM Code      24  retarget_solution.o(.text)
    _sys_exit                                0x001002e0   ARM Code       8  retarget_solution.o(.text)
    main                                     0x001002e8   ARM Code     312  tc_ultrasonic_example.o(.text)
    __I$use$semihosting                      0x0010045c   ARM Code       0  use_no_semi.o(.text)
    __use_no_semihosting_swi                 0x0010045c   ARM Code       4  use_no_semi.o(.text)
    Inline ARM to Thumb Veneer to __2printf  0x00100460   ARM Code       8  noretval__2printf.o(.text)
    __2printf                                0x00100469   Thumb Code    22  noretval__2printf.o(.text)
    __printf                                 0x00100485   Thumb Code   118  __printf.o(.text)
    __use_two_region_memory                  0x001004fb   Thumb Code     2  heapauxi.o(.text)
    __rt_heap_escrow$2region                 0x001004fd   Thumb Code     2  heapauxi.o(.text)
    __rt_heap_expand$2region                 0x001004ff   Thumb Code     2  heapauxi.o(.text)
    __lib_sel_fp_printf                      0x00100501   Thumb Code     2  _printf_fp_dec.o(.text)
    _printf_fp_dec_real                      0x001006a1   Thumb Code   626  _printf_fp_dec.o(.text)
    _printf_char_file                        0x00100921   Thumb Code    38  _printf_char_file.o(.text)
    __user_libspace                          0x0010094c   ARM Code      12  libspace.o(.text)
    __user_perproc_libspace                  0x0010094c   ARM Code       0  libspace.o(.text)
    __user_perthread_libspace                0x0010094c   ARM Code       0  libspace.o(.text)
    Inline Thumb to ARM Veneer to __rt_locale 0x00100959   Thumb Code     4  rt_locale_intlibspace.o(.text)
    __rt_locale                              0x0010095c   ARM Code      12  rt_locale_intlibspace.o(.text)
    Inline Thumb to ARM Veneer to _ll_udiv10 0x00100969   Thumb Code     4  lludiv10.o(.text)
    _ll_udiv10                               0x0010096c   ARM Code     160  lludiv10.o(.text)
    _printf_char_common                      0x00100a17   Thumb Code    34  _printf_char_common.o(.text)
    _printf_fp_infnan                        0x00100a3d   Thumb Code   128  _printf_fp_infnan.o(.text)
    _btod_etento                             0x00100acd   Thumb Code   210  bigflt0.o(.text)
    Inline Thumb to ARM Veneer to __rt_udiv10 0x00100ba5   Thumb Code     4  rtudiv10.o(.text)
    __rt_udiv10                              0x00100ba8   ARM Code      44  rtudiv10.o(.text)
    __user_setup_stackheap                   0x00100bd4   ARM Code      96  sys_stackheap_outer.o(.text)
    exit                                     0x00100c35   Thumb Code    12  exit.o(.text)
    strcmp                                   0x00100c40   ARM Code     156  strcmp.o(.text)
    Inline Thumb to ARM Veneer to __aeabi_idivmod 0x00100ce1   Thumb Code     4  aeabi_sdiv.o(.text)
    __aeabi_idiv                             0x00100ce4   ARM Code       0  aeabi_sdiv.o(.text)
    __aeabi_idivmod                          0x00100ce4   ARM Code     384  aeabi_sdiv.o(.text)
    Inline Thumb to ARM Veneer to _btod_d2e  0x00100e65   Thumb Code     4  btod.o(CL$$btod_d2e)
    _btod_d2e                                0x00100e68   ARM Code      56  btod.o(CL$$btod_d2e)
    _d2e_denorm_low                          0x00100ea0   ARM Code      84  btod.o(CL$$btod_d2e_denorm_low)
    _d2e_norm_op1                            0x00100ef4   ARM Code     104  btod.o(CL$$btod_d2e_norm_op1)
    __btod_div_common                        0x00100f5c   ARM Code     716  btod.o(CL$$btod_div_common)
    _e2e                                     0x001012a8   ARM Code     220  btod.o(CL$$btod_e2e)
    Inline Thumb to ARM Veneer to _btod_ediv 0x00101385   Thumb Code     4  btod.o(CL$$btod_ediv)
    _btod_ediv                               0x00101388   ARM Code      52  btod.o(CL$$btod_ediv)
    Inline Thumb to ARM Veneer to _btod_emul 0x001013bd   Thumb Code     4  btod.o(CL$$btod_emul)
    _btod_emul                               0x001013c0   ARM Code      52  btod.o(CL$$btod_emul)
    __btod_mult_common                       0x001013f4   ARM Code     616  btod.o(CL$$btod_mult_common)
    USART0_INIT                              0x0010165c   ARM Code       0  usart0_solution.o(COMPORT)
    USART0_Transmit                          0x001016ac   ARM Code       0  usart0_solution.o(COMPORT)
    USART0_Receive                           0x001016dc   ARM Code       0  usart0_solution.o(COMPORT)
    USART0_Receive_Check                     0x00101710   ARM Code       0  usart0_solution.o(COMPORT)
    POWERLED_INIT                            0x00101750   ARM Code       0  assembly_exp1_solution.o(EXAMPLE)
    USER_LEDS_INIT                           0x00101784   ARM Code       0  assembly_exp1_solution.o(EXAMPLE)
    SWITCH_INIT                              0x001017b8   ARM Code       0  assembly_exp1_solution.o(EXAMPLE)
    EXT_LEDS_INIT                            0x001017e4   ARM Code       0  assembly_exp1_solution.o(EXAMPLE)
    DELAY_1MS                                0x0010181c   ARM Code       0  assembly_exp1_solution.o(EXAMPLE)
    POWERLED_CONTROL                         0x0010183c   ARM Code       0  assembly_exp1_solution.o(EXAMPLE)
    LED1_CONTROL                             0x0010185c   ARM Code       0  assembly_exp1_solution.o(EXAMPLE)
    LED2_CONTROL                             0x0010187c   ARM Code       0  assembly_exp1_solution.o(EXAMPLE)
    BLINKY                                   0x0010189c   ARM Code       0  assembly_exp1_solution.o(EXAMPLE)
    COUNTER_1                                0x001018cc   ARM Code       0  assembly_exp1_solution.o(EXAMPLE)
    DISPLAY_FUNCTION                         0x00101930   ARM Code       0  assembly_exp1_solution.o(EXAMPLE)
    CHECK_LEFT_JOYSTICK                      0x00101948   ARM Code       0  assembly_exp1_solution.o(EXAMPLE)
    CHECK_RIGHT_JOYSTICK                     0x00101990   ARM Code       0  assembly_exp1_solution.o(EXAMPLE)
    COUNTER_2                                0x00101b54   ARM Code       0  assembly_exp1_solution.o(EXAMPLE)
    TIMER_CLOCK_INIT                         0x00101bec   ARM Code       0  tc_assembly.o(EXAMPLE)
    TC0_INIT                                 0x00101c00   ARM Code       0  tc_assembly.o(EXAMPLE)
    TC1_INIT                                 0x00101c48   ARM Code       0  tc_assembly.o(EXAMPLE)
    TC2_INIT                                 0x00101c98   ARM Code       0  tc_assembly.o(EXAMPLE)
    TCB_INIT                                 0x00101cd0   ARM Code       0  tc_assembly.o(EXAMPLE)
    TC_START                                 0x00101ce4   ARM Code       0  tc_assembly.o(EXAMPLE)
    Short Thumb to ARM Veneer to ferror      0x00101d29   Thumb Code     8  anon$$obj.o(Veneer$$Code)
    Long ARM to Thumb Veneer to _printf_fp_dec_real 0x00101d30   ARM Code      12  anon$$obj.o(Veneer$$Code)
    __ARM_common_call_via_r1                 0x00101d3d   Thumb Code     2  __printf.o(i.__ARM_common_call_via_r1)
    __ARM_common_call_via_r2                 0x00101d3f   Thumb Code     2  __printf.o(i.__ARM_common_call_via_r2)
    Inline Thumb to ARM Veneer to __ARM_fpclassify 0x00101d41   Thumb Code     4  fpclassify.o(i.__ARM_fpclassify)
    __ARM_fpclassify                         0x00101d44   ARM Code      48  fpclassify.o(i.__ARM_fpclassify)
    Inline Thumb to ARM Veneer to _get_lc_numeric 0x00101d75   Thumb Code     4  lc_numeric_c.o(locale$$code)
    _get_lc_numeric                          0x00101d78   ARM Code      80  lc_numeric_c.o(locale$$code)
    __aeabi_d2f                              0x00101dc8   ARM Code       0  d2f.o(x$fpl$d2f)
    _d2f                                     0x00101dc8   ARM Code     108  d2f.o(x$fpl$d2f)
    __aeabi_ddiv                             0x00101e34   ARM Code       0  ddiv.o(x$fpl$ddiv)
    _ddiv                                    0x00101e34   ARM Code     600  ddiv.o(x$fpl$ddiv)
    __aeabi_i2d                              0x00102114   ARM Code       0  dflt_noclz.o(x$fpl$dflt)
    _dflt                                    0x00102114   ARM Code      88  dflt_noclz.o(x$fpl$dflt)
    __dflt_normalise                         0x00102124   ARM Code       0  dflt_noclz.o(x$fpl$dflt)
    __aeabi_ui2d                             0x0010216c   ARM Code       0  dflt_noclz.o(x$fpl$dfltu)
    _dfltu                                   0x0010216c   ARM Code      12  dflt_noclz.o(x$fpl$dfltu)
    __aeabi_dmul                             0x00102178   ARM Code       0  dmul.o(x$fpl$dmul)
    _dmul                                    0x00102178   ARM Code     372  dmul.o(x$fpl$dmul)
    __fpl_dnaninf                            0x001022f8   ARM Code     192  dnaninf.o(x$fpl$dnaninf)
    __fpl_dretinf                            0x001023b8   ARM Code      16  dretinf.o(x$fpl$dretinf)
    __aeabi_f2d                              0x001023c8   ARM Code       0  f2d.o(x$fpl$f2d)
    _f2d                                     0x001023c8   ARM Code     100  f2d.o(x$fpl$f2d)
    __fpl_fnaninf                            0x0010242c   ARM Code     168  fnaninf.o(x$fpl$fnaninf)
    __fpl_fretinf                            0x001024d4   ARM Code      16  fretinf.o(x$fpl$fretinf)
    Inline Thumb to ARM Veneer to __ieee_status 0x001024e5   Thumb Code     4  istatus.o(x$fpl$ieeestatus)
    __ieee_status                            0x001024e8   ARM Code       8  istatus.o(x$fpl$ieeestatus)
    _printf_fp_dec                           0x001024f0   ARM Code       4  printf1.o(x$fpl$printf1)
    __I$use$fp                               0x001024f4   Number         0  usenofp.o(x$fpl$usenofp)
    Region$$Table$$Base                      0x00102588   Number         0  anon$$obj.o(Region$$Table)
    Region$$Table$$Limit                     0x001025a8   Number         0  anon$$obj.o(Region$$Table)
    __stdout                                 0x00200000   Data           4  retarget_solution.o(.data)
    __libspace_start                         0x00200010   Data          96  libspace.o(.bss)
    __temporary_stack_top$libspace           0x00200070   Data           0  libspace.o(.bss)



==============================================================================

Memory Map of the image

  Image Entry point : 0x00100150

  Load Region LR_IROM1 (Base: 0x00100000, Size: 0x000025d4, Max: 0x00080000, ABSOLUTE)

    Execution Region ER_IROM1 (Base: 0x00100000, Size: 0x000025c4, Max: 0x00080000, ABSOLUTE)

    Base Addr    Size         Type   Attr      Idx    E Section Name        Object

    0x00100000   0x00000150   Code   RO            3    RESET               sam7.o
    0x00100150   0x00000008   Code   RO          141  * !!!main             c_t.l(__main.o)
    0x00100158   0x0000003c   Code   RO          414    !!!scatter          c_t.l(__scatter.o)
    0x00100194   0x00000028   Code   RO          416    !!handler_copy      c_t.l(__scatter_copy.o)
    0x001001bc   0x0000002c   Code   RO          418    !!handler_zi        c_t.l(__scatter_zi.o)
    0x001001e8   0x00000004   Ven    RO          136    .ARM.Collect$$_printf_percent$$00000000  c_t.l(_printf_percent.o)
    0x001001ec   0x00000000   Code   RO          136    .ARM.Collect$$_printf_percent$$00000000  c_t.l(_printf_percent.o)
    0x001001ec   0x00000008   Code   RO          135    .ARM.Collect$$_printf_percent$$00000003  c_t.l(_printf_f.o)
    0x001001f4   0x00000008   Code   RO          169    .ARM.Collect$$_printf_percent$$00000017  c_t.l(_printf_percent_end.o)
    0x001001fc   0x00000008   Ven    RO          286    .ARM.Collect$$libinit$$00000000  c_t.l(libinit.o)
    0x00100204   0x00000002   Code   RO          286    .ARM.Collect$$libinit$$00000000  c_t.l(libinit.o)
    0x00100206   0x00000000   Code   RO          288    .ARM.Collect$$libinit$$00000002  c_t.l(libinit2.o)
    0x00100206   0x00000000   Code   RO          291    .ARM.Collect$$libinit$$00000008  c_t.l(libinit2.o)
    0x00100206   0x00000000   Code   RO          293    .ARM.Collect$$libinit$$0000000A  c_t.l(libinit2.o)
    0x00100206   0x00000000   Code   RO          295    .ARM.Collect$$libinit$$0000000C  c_t.l(libinit2.o)
    0x00100206   0x00000006   Code   RO          296    .ARM.Collect$$libinit$$0000000D  c_t.l(libinit2.o)
    0x0010020c   0x00000000   Code   RO          298    .ARM.Collect$$libinit$$0000000F  c_t.l(libinit2.o)
    0x0010020c   0x00000000   Code   RO          300    .ARM.Collect$$libinit$$00000011  c_t.l(libinit2.o)
    0x0010020c   0x00000000   Code   RO          302    .ARM.Collect$$libinit$$00000013  c_t.l(libinit2.o)
    0x0010020c   0x0000000a   Code   RO          303    .ARM.Collect$$libinit$$00000014  c_t.l(libinit2.o)
    0x00100216   0x00000000   Code   RO          304    .ARM.Collect$$libinit$$00000015  c_t.l(libinit2.o)
    0x00100216   0x00000000   Code   RO          306    .ARM.Collect$$libinit$$00000017  c_t.l(libinit2.o)
    0x00100216   0x00000000   Code   RO          308    .ARM.Collect$$libinit$$00000019  c_t.l(libinit2.o)
    0x00100216   0x00000000   Code   RO          310    .ARM.Collect$$libinit$$0000001B  c_t.l(libinit2.o)
    0x00100216   0x00000000   Code   RO          312    .ARM.Collect$$libinit$$0000001D  c_t.l(libinit2.o)
    0x00100216   0x00000000   Code   RO          314    .ARM.Collect$$libinit$$0000001F  c_t.l(libinit2.o)
    0x00100216   0x00000000   Code   RO          316    .ARM.Collect$$libinit$$00000021  c_t.l(libinit2.o)
    0x00100216   0x00000000   Code   RO          318    .ARM.Collect$$libinit$$00000023  c_t.l(libinit2.o)
    0x00100216   0x00000000   Code   RO          322    .ARM.Collect$$libinit$$0000002A  c_t.l(libinit2.o)
    0x00100216   0x00000000   Code   RO          324    .ARM.Collect$$libinit$$0000002C  c_t.l(libinit2.o)
    0x00100216   0x00000000   Code   RO          326    .ARM.Collect$$libinit$$0000002E  c_t.l(libinit2.o)
    0x00100216   0x00000000   Code   RO          328    .ARM.Collect$$libinit$$00000030  c_t.l(libinit2.o)
    0x00100216   0x0000000c   Code   RO          329    .ARM.Collect$$libinit$$00000031  c_t.l(libinit2.o)
    0x00100222   0x00000002   PAD
    0x00100224   0x00000008   Ven    RO          367    .ARM.Collect$$libshutdown$$00000000  c_t.l(libshutdown.o)
    0x0010022c   0x00000004   Code   RO          367    .ARM.Collect$$libshutdown$$00000000  c_t.l(libshutdown.o)
    0x00100230   0x00000000   Code   RO          379    .ARM.Collect$$libshutdown$$00000003  c_t.l(libshutdown2.o)
    0x00100230   0x00000000   Code   RO          382    .ARM.Collect$$libshutdown$$00000006  c_t.l(libshutdown2.o)
    0x00100230   0x00000000   Code   RO          385    .ARM.Collect$$libshutdown$$00000009  c_t.l(libshutdown2.o)
    0x00100230   0x00000000   Code   RO          387    .ARM.Collect$$libshutdown$$0000000B  c_t.l(libshutdown2.o)
    0x00100230   0x00000000   Code   RO          390    .ARM.Collect$$libshutdown$$0000000E  c_t.l(libshutdown2.o)
    0x00100230   0x00000006   Code   RO          391    .ARM.Collect$$libshutdown$$0000000F  c_t.l(libshutdown2.o)
    0x00100236   0x00000002   PAD
    0x00100238   0x00000000   Code   RO          159    .ARM.Collect$$rtentry$$00000000  c_t.l(rtentry.o)
    0x00100238   0x00000000   Code   RO          185    .ARM.Collect$$rtentry$$00000002  c_t.l(rtentry2.o)
    0x00100238   0x00000008   Code   RO          197    .ARM.Collect$$rtentry$$00000004  c_t.l(rtentry4.o)
    0x00100240   0x00000000   Code   RO          187    .ARM.Collect$$rtentry$$00000009  c_t.l(rtentry2.o)
    0x00100240   0x00000004   Code   RO          188    .ARM.Collect$$rtentry$$0000000A  c_t.l(rtentry2.o)
    0x00100244   0x00000000   Code   RO          190    .ARM.Collect$$rtentry$$0000000C  c_t.l(rtentry2.o)
    0x00100244   0x00000028   Code   RO          191    .ARM.Collect$$rtentry$$0000000D  c_t.l(rtentry2.o)
    0x0010026c   0x00000004   Ven    RO          330    .ARM.Collect$$rtexit$$00000000  c_t.l(rtexit.o)
    0x00100270   0x00000004   Code   RO          330    .ARM.Collect$$rtexit$$00000000  c_t.l(rtexit.o)
    0x00100274   0x00000000   Code   RO          341    .ARM.Collect$$rtexit$$00000002  c_t.l(rtexit2.o)
    0x00100274   0x00000004   Code   RO          342    .ARM.Collect$$rtexit$$00000003  c_t.l(rtexit2.o)
    0x00100278   0x00000008   Code   RO          343    .ARM.Collect$$rtexit$$00000004  c_t.l(rtexit2.o)
    0x00100280   0x00000020   Code   RO            4    .text               sam7.o
    0x001002a0   0x00000048   Code   RO           33    .text               retarget_solution.o
    0x001002e8   0x00000174   Code   RO           55    .text               tc_ultrasonic_example.o
    0x0010045c   0x00000004   Code   RO          103    .text               c_t.l(use_no_semi.o)
    0x00100460   0x00000008   Ven    RO          107    .text               c_t.l(noretval__2printf.o)
    0x00100468   0x0000001c   Code   RO          107    .text               c_t.l(noretval__2printf.o)
    0x00100484   0x00000076   Code   RO          109    .text               c_t.l(__printf.o)
    0x001004fa   0x00000006   Code   RO          139    .text               c_t.l(heapauxi.o)
    0x00100500   0x00000420   Code   RO          165    .text               c_t.l(_printf_fp_dec.o)
    0x00100920   0x0000002c   Code   RO          167    .text               c_t.l(_printf_char_file.o)
    0x0010094c   0x0000000c   Code   RO          181    .text               c_t.l(libspace.o)
    0x00100958   0x00000004   Ven    RO          204    .text               c_t.l(rt_locale_intlibspace.o)
    0x0010095c   0x0000000c   Code   RO          204    .text               c_t.l(rt_locale_intlibspace.o)
    0x00100968   0x00000004   Ven    RO          206    .text               c_t.l(lludiv10.o)
    0x0010096c   0x000000a0   Code   RO          206    .text               c_t.l(lludiv10.o)
    0x00100a0c   0x00000030   Code   RO          208    .text               c_t.l(_printf_char_common.o)
    0x00100a3c   0x00000090   Code   RO          210    .text               c_t.l(_printf_fp_infnan.o)
    0x00100acc   0x000000d8   Code   RO          214    .text               c_t.l(bigflt0.o)
    0x00100ba4   0x00000004   Ven    RO          242    .text               c_t.l(rtudiv10.o)
    0x00100ba8   0x0000002c   Code   RO          242    .text               c_t.l(rtudiv10.o)
    0x00100bd4   0x00000060   Code   RO          248    .text               c_t.l(sys_stackheap_outer.o)
    0x00100c34   0x0000000c   Code   RO          261    .text               c_t.l(exit.o)
    0x00100c40   0x000000a0   Code   RO          263    .text               c_t.l(strcmp.o)
    0x00100ce0   0x00000004   Ven    RO          265    .text               c_t.l(aeabi_sdiv.o)
    0x00100ce4   0x00000180   Code   RO          265    .text               c_t.l(aeabi_sdiv.o)
    0x00100e64   0x00000004   Ven    RO          217    CL$$btod_d2e        c_t.l(btod.o)
    0x00100e68   0x00000038   Code   RO          217    CL$$btod_d2e        c_t.l(btod.o)
    0x00100ea0   0x00000054   Code   RO          219    CL$$btod_d2e_denorm_low  c_t.l(btod.o)
    0x00100ef4   0x00000068   Code   RO          218    CL$$btod_d2e_norm_op1  c_t.l(btod.o)
    0x00100f5c   0x0000034c   Code   RO          227    CL$$btod_div_common  c_t.l(btod.o)
    0x001012a8   0x000000dc   Code   RO          224    CL$$btod_e2e        c_t.l(btod.o)
    0x00101384   0x00000004   Ven    RO          221    CL$$btod_ediv       c_t.l(btod.o)
    0x00101388   0x00000034   Code   RO          221    CL$$btod_ediv       c_t.l(btod.o)
    0x001013bc   0x00000004   Ven    RO          220    CL$$btod_emul       c_t.l(btod.o)
    0x001013c0   0x00000034   Code   RO          220    CL$$btod_emul       c_t.l(btod.o)
    0x001013f4   0x00000268   Code   RO          226    CL$$btod_mult_common  c_t.l(btod.o)
    0x0010165c   0x000000f4   Code   RO           98    COMPORT             usart0_solution.o
    0x00101750   0x0000049c   Code   RO           91    EXAMPLE             assembly_exp1_solution.o
    0x00101bec   0x0000013c   Code   RO           95    EXAMPLE             tc_assembly.o
    0x00101d28   0x00000008   Ven    RO          435    Veneer$$Code        anon$$obj.o
    0x00101d30   0x0000000c   Ven    RO          436    Veneer$$Code        anon$$obj.o
    0x00101d3c   0x00000002   Code   RO          113    i.__ARM_common_call_via_r1  c_t.l(__printf.o)
    0x00101d3e   0x00000002   Code   RO          111    i.__ARM_common_call_via_r2  c_t.l(__printf.o)
    0x00101d40   0x00000004   Ven    RO          246    i.__ARM_fpclassify  m_ts.l(fpclassify.o)
    0x00101d44   0x00000030   Code   RO          246    i.__ARM_fpclassify  m_ts.l(fpclassify.o)
    0x00101d74   0x00000004   Ven    RO          240    locale$$code        c_t.l(lc_numeric_c.o)
    0x00101d78   0x00000050   Code   RO          240    locale$$code        c_t.l(lc_numeric_c.o)
    0x00101dc8   0x0000006c   Code   RO          143    x$fpl$d2f           fz_ts.l(d2f.o)
    0x00101e34   0x000002e0   Code   RO          146    x$fpl$ddiv          fz_ts.l(ddiv.o)
    0x00102114   0x00000058   Code   RO          150    x$fpl$dflt          fz_ts.l(dflt_noclz.o)
    0x0010216c   0x0000000c   Code   RO          149    x$fpl$dfltu         fz_ts.l(dflt_noclz.o)
    0x00102178   0x00000180   Code   RO          153    x$fpl$dmul          fz_ts.l(dmul.o)
    0x001022f8   0x000000c0   Code   RO          172    x$fpl$dnaninf       fz_ts.l(dnaninf.o)
    0x001023b8   0x00000010   Code   RO          174    x$fpl$dretinf       fz_ts.l(dretinf.o)
    0x001023c8   0x00000064   Code   RO          155    x$fpl$f2d           fz_ts.l(f2d.o)
    0x0010242c   0x000000a8   Code   RO          176    x$fpl$fnaninf       fz_ts.l(fnaninf.o)
    0x001024d4   0x00000010   Code   RO          178    x$fpl$fretinf       fz_ts.l(fretinf.o)
    0x001024e4   0x00000004   Ven    RO          244    x$fpl$ieeestatus    fz_ts.l(istatus.o)
    0x001024e8   0x00000008   Code   RO          244    x$fpl$ieeestatus    fz_ts.l(istatus.o)
    0x001024f0   0x00000004   Code   RO          157    x$fpl$printf1       fz_ts.l(printf1.o)
    0x001024f4   0x00000000   Code   RO          180    x$fpl$usenofp       fz_ts.l(usenofp.o)
    0x001024f4   0x00000094   Data   RO          215    .constdata          c_t.l(bigflt0.o)
    0x00102588   0x00000020   Data   RO          412    Region$$Table       anon$$obj.o
    0x001025a8   0x0000001c   Data   RO          239    locale$$data        c_t.l(lc_numeric_c.o)


    Execution Region RW_IRAM1 (Base: 0x00200000, Size: 0x000004f8, Max: 0x00008000, ABSOLUTE)

    Base Addr    Size         Type   Attr      Idx    E Section Name        Object

    0x00200000   0x00000004   Data   RW           34    .data               retarget_solution.o
    0x00200004   0x0000000c   Data   RW           90    VARIABLES           assembly_exp1_solution.o
    0x00200010   0x00000060   Zero   RW          182    .bss                c_t.l(libspace.o)
    0x00200070   0x00000000   Zero   RW            2    HEAP                sam7.o
    0x00200070   0x00000488   Zero   RW            1    STACK               sam7.o


==============================================================================

Image component sizes


      Code (inc. data)   RO Data    RW Data    ZI Data      Debug   Object Name

      1180         28          0         12          0        524   assembly_exp1_solution.o
         0          0          0          0          0       1444   input_integer.o
        72          0          0          4          0       2636   retarget_solution.o
       368         84          0          0       1160        468   sam7.o
       316         48          0          0          0        260   tc_assembly.o
       372         60          0          0          0        695   tc_ultrasonic_example.o
       244         16          0          0          0        252   usart0_solution.o

    ----------------------------------------------------------------------
      2572        240         32         16       1160       6279   Object Totals
        20          4         32          0          0          0   (incl. Generated)
         0          0          0          0          0          0   (incl. Padding)

    ----------------------------------------------------------------------

      Code (inc. data)   RO Data    RW Data    ZI Data      Debug   Library Member Name

         8          0          0          0          0         68   __main.o
       122          0          0          0          0        208   __printf.o
        60          8          0          0          0          0   __scatter.o
        40          0          0          0          0          0   __scatter_copy.o
        44          0          0          0          0          0   __scatter_zi.o
        48          4          0          0          0         96   _printf_char_common.o
        44          6          0          0          0         88   _printf_char_file.o
         8          0          0          0          0          0   _printf_f.o
      1056         14          0          0          0        188   _printf_fp_dec.o
       144         16          0          0          0         88   _printf_fp_infnan.o
         4          0          0          0          0          0   _printf_percent.o
         8          0          0          0          0          0   _printf_percent_end.o
       388          0          0          0          0         80   aeabi_sdiv.o
       216          6        148          0          0         96   bigflt0.o
      2040        128          0          0          0        692   btod.o
        12          0          0          0          0         64   exit.o
         6          0          0          0          0        136   heapauxi.o
        84          8         28          0          0         92   lc_numeric_c.o
        10          0          0          0          0          0   libinit.o
        28          0          0          0          0          0   libinit2.o
        12          0          0          0          0          0   libshutdown.o
         6          0          0          0          0          0   libshutdown2.o
        12          4          0          0         96         68   libspace.o
       164          0          0          0          0         96   lludiv10.o
        36          6          0          0          0         84   noretval__2printf.o
        16          4          0          0          0         68   rt_locale_intlibspace.o
         0          0          0          0          0          0   rtentry.o
        44          4          0          0          0          0   rtentry2.o
         8          0          0          0          0          0   rtentry4.o
         8          0          0          0          0          0   rtexit.o
        12          0          0          0          0          0   rtexit2.o
        48          0          0          0          0         68   rtudiv10.o
       160          4          0          0          0         80   strcmp.o
        96          0          0          0          0         80   sys_stackheap_outer.o
         4          0          0          0          0         68   use_no_semi.o
       108          4          0          0          0         92   d2f.o
       736        140          0          0          0        228   ddiv.o
       100          0          0          0          0        136   dflt_noclz.o
       384         16          0          0          0        124   dmul.o
       192          0          0          0          0        108   dnaninf.o
        16          0          0          0          0         68   dretinf.o
       100          4          0          0          0         84   f2d.o
       168          0          0          0          0         96   fnaninf.o
        16          0          0          0          0         68   fretinf.o
        12          0          0          0          0         68   istatus.o
         4          0          0          0          0         68   printf1.o
         0          0          0          0          0          0   usenofp.o
        52          0          0          0          0         68   fpclassify.o

    ----------------------------------------------------------------------
      6888        376        176          0         96       3716   Library Totals
         4          0          0          0          0          0   (incl. Padding)

    ----------------------------------------------------------------------

      Code (inc. data)   RO Data    RW Data    ZI Data      Debug   Library Name

      4996        212        176          0         96       2508   c_t.l
      1836        164          0          0          0       1140   fz_ts.l
        52          0          0          0          0         68   m_ts.l

    ----------------------------------------------------------------------
      6888        376        176          0         96       3716   Library Totals

    ----------------------------------------------------------------------

==============================================================================


      Code (inc. data)   RO Data    RW Data    ZI Data      Debug   

      9460        616        208         16       1256       7899   Grand Totals
      9460        616        208         16       1256       7899   ELF Image Totals
      9460        616        208         16          0          0   ROM Totals

==============================================================================

    Total RO  Size (Code + RO Data)                 9668 (   9.44kB)
    Total RW  Size (RW Data + ZI Data)              1272 (   1.24kB)
    Total ROM Size (Code + RO Data + RW Data)       9684 (   9.46kB)

==============================================================================

