<html>
<body>
<pre>
<h1>µVision Build Log</h1>
<h2>Project:</h2>
S:\CpE5151Lab\CpE5151_Exp3-master\Experiment 3\Exp_3.uvproj
Project File Date:  04/15/2019

<h2>Output:</h2>
Rebuild target 'Target 1'
assembling SAM7.s...
compiling Input_Integer.c...
compiling retarget_solution.c...
compiling TC_ultrasonic_example.c...
assembling Assembly_Exp1_solution.s...
assembling TC_Assembly.s...
assembling USART0_solution.s...
linking...
Program Size: Code=9464 RO-data=208 RW-data=16 ZI-data=1256  
".\Exp_3.axf" - 0 Error(s), 0 Warning(s).
Load "S:\\CpE5151Lab\\CpE5151_Exp3-master\\Experiment 3\\Exp_3.axf" 
Programming Done.
Verify OK.
</pre>
</body>
</html>
  
".\Exp_3.axf" - 0 Error(s), 1 Warning(s).
Load "S:\\CpE5151Lab\\CpE5151_Exp3-master\\Experiment 3\\Exp_3.axf" 
Programming Done.
Verify OK.
a=1260  
".\Exp_3.axf" - 0 Error(s), 2 Warning(s).
Load "S:\\CpE5151Lab\\CpE5151_Exp3-master\\Experiment 3\\Exp_3.axf" 
Programming Done.
Verify OK.
al
assembling USART0_solution.s...
".\Exp_3.axf" - 3 Error(s), 2 Warning(s).
Target not created
